09-11 11:51:27.231 E/EdXposed-Bridge( 8583): 	at android.app.ActivityThread.access$2000(ActivityThread.java:273)
09-11 11:51:27.231 E/EdXposed-Bridge( 8583): 	at android.app.ActivityThread$H.handleMessage(ActivityThread.java:2020)
09-11 11:51:27.231 E/EdXposed-Bridge( 8583): 	at android.os.Handler.dispatchMessage(Handler.java:112)
09-11 11:51:27.231 E/EdXposed-Bridge( 8583): 	at android.os.Looper.loop(Looper.java:216)
09-11 11:51:27.231 E/EdXposed-Bridge( 8583): 	at android.app.ActivityThread.main(ActivityThread.java:7625)
09-11 11:51:27.231 E/EdXposed-Bridge( 8583): 	at java.lang.reflect.Method.invoke(Native Method)
09-11 11:51:27.231 E/EdXposed-Bridge( 8583): 	at com.android.internal.os.RuntimeInit$MethodAndArgsCaller.run(RuntimeInit.java:524)
09-11 11:51:27.231 E/EdXposed-Bridge( 8583): 	at com.android.internal.os.ZygoteInit.main(ZygoteInit.java:987)
09-11 11:51:27.231 E/EdXposed-Bridge( 8583): Caused by: java.lang.ClassNotFoundException: com.android.server.LocationManagerService$Receiver
09-11 11:51:27.231 E/EdXposed-Bridge( 8583): 	at java.lang.Class.classForName(Native Method)
09-11 11:51:27.231 E/EdXposed-Bridge( 8583): 	at java.lang.Class.forName(Class.java:453)
09-11 11:51:27.231 E/EdXposed-Bridge( 8583): 	at external.org.apache.commons.lang3.ClassUtils.getClass(ClassUtils.java:823)
09-11 11:51:27.231 E/EdXposed-Bridge( 8583): 	at de.robv.android.xposed.XposedHelpers.findClass(XposedHelpers.java:69)
09-11 11:51:27.231 E/EdXposed-Bridge( 8583): 	... 33 more
09-11 11:51:27.231 E/EdXposed-Bridge( 8583): Caused by: java.lang.ClassNotFoundException: Didn't find class "com.android.server.LocationManagerService$Receiver" on path: DexPathList[[zip file "/system/framework/org.apache.http.legacy.boot.jar", zip file "/system/app/HwCallRecorder/HwCallRecorder.apk"],nativeLibraryDirectories=[/system/app/HwCallRecorder/lib/arm64, /system/lib64, /product/lib64, /system/lib64, /product/lib64]]
09-11 11:51:27.231 E/EdXposed-Bridge( 8583): 	at dalvik.system.BaseDexClassLoader.findClass(BaseDexClassLoader.java:134)
09-11 11:51:27.231 E/EdXposed-Bridge( 8583): 	at java.lang.ClassLoader.loadClass(ClassLoader.java:379)
09-11 11:51:27.231 E/EdXposed-Bridge( 8583): 	at java.lang.ClassLoader.loadClass(ClassLoader.java:312)
09-11 11:51:27.231 E/EdXposed-Bridge( 8583): 	... 37 more
09-11 11:51:27.256 E/IppAlgoSmartAE(  785): [3c6ca2b_64E] doSmartAEAlgo() failed to getSceneMode
09-11 11:51:27.323 E/IppAlgoSmartAE(  785): [3c6ca2b_64E] doSmartAEAlgo() failed to getSceneMode
09-11 11:51:27.327 E/EdXposed-Bridge( 8583): de.robv.android.xposed.XposedHelpers$ClassNotFoundError: java.lang.ClassNotFoundException: com.android.server.LocationManagerService$Receiver
09-11 11:51:27.327 E/EdXposed-Bridge( 8583): 	at de.robv.android.xposed.XposedHelpers.findClass(XposedHelpers.java:71)
09-11 11:51:27.327 E/EdXposed-Bridge( 8583): 	at de.robv.android.xposed.XposedHelpers.findAndHookMethod(XposedHelpers.java:260)
09-11 11:51:27.327 E/EdXposed-Bridge( 8583): 	at b.c.a.v.a(SourceFile:1)
09-11 11:51:27.327 E/EdXposed-Bridge( 8583): 	at b.c.a.r.a(SourceFile:24)
09-11 11:51:27.327 E/EdXposed-Bridge( 8583): 	at com.bigsing.fakemap.MainHook.handleLoadPackage(SourceFile:10)
09-11 11:51:27.327 E/EdXposed-Bridge( 8583): 	at de.robv.android.xposed.IXposedHookLoadPackage$Wrapper.handleLoadPackage(IXposedHookLoadPackage.java:37)
09-11 11:51:27.327 E/EdXposed-Bridge( 8583): 	at de.robv.android.xposed.callbacks.XC_LoadPackage.call(XC_LoadPackage.java:61)
09-11 11:51:27.327 E/EdXposed-Bridge( 8583): 	at de.robv.android.xposed.callbacks.XCallback.callAll(XCallback.java:117)
09-11 11:51:27.327 E/EdXposed-Bridge( 8583): 	at com.elderdrivers.riru.edxp._hooker.impl.LoadedApkCstr.afterHookedMethod(LoadedApkCstr.java:67)
09-11 11:51:27.327 E/EdXposed-Bridge( 8583): 	at de.robv.android.xposed.XC_MethodHook.callAfterHookedMethod(XC_MethodHook.java:68)
09-11 11:51:27.327 E/EdXposed-Bridge( 8583): 	at com.swift.sandhook.xposedcompat.hookstub.HookStubManager.hookBridge(HookStubManager.java:383)
09-11 11:51:27.327 E/EdXposed-Bridge( 8583): 	at SandHookerNew_11kmfuj3mo4jprq7n6o7upu921.hook(Unknown Source:87)
09-11 11:51:27.327 E/EdXposed-Bridge( 8583): 	at android.app.ActivityThread.getPackageInfo(ActivityThread.java:2540)
09-11 11:51:27.327 E/EdXposed-Bridge( 8583): 	at android.app.ActivityThread.getPackageInfo(ActivityThread.java:2495)
09-11 11:51:27.327 E/EdXposed-Bridge( 8583): 	at android.app.ActivityThread.getPackageInfo(ActivityThread.java:2467)
09-11 11:51:27.327 E/EdXposed-Bridge( 8583): 	at android.app.ContextImpl.createPackageContextAsUser(ContextImpl.java:2352)
09-11 11:51:27.327 E/EdXposed-Bridge( 8583): 	at android.app.ContextImpl.createPackageContext(ContextImpl.java:2339)
09-11 11:51:27.327 E/EdXposed-Bridge( 8583): 	at android.content.ContextWrapper.createPackageContext(ContextWrapper.java:852)
09-11 11:51:27.327 E/EdXposed-Bridge( 8583): 	at android.app.ActivityThread.installProvider(ActivityThread.java:7228)
09-11 11:51:27.327 E/EdXposed-Bridge( 8583): 	at android.app.ActivityThread.installContentProviders(ActivityThread.java:6813)
09-11 11:51:27.327 E/EdXposed-Bridge( 8583): 	at android.app.ActivityThread.handleBindApplication(ActivityThread.java:6699)
09-11 11:51:27.327 E/EdXposed-Bridge( 8583): 	at java.lang.reflect.Method.invoke(Native Method)
09-11 11:51:27.327 E/EdXposed-Bridge( 8583): 	at com.swift.sandhook.SandHook.callOriginMethod(SandHook.java:176)
09-11 11:51:27.327 E/EdXposed-Bridge( 8583): 	at com.swift.sandhook.SandHook.callOriginMethod(SandHook.java:154)
09-11 11:51:27.327 E/EdXposed-Bridge( 8583): 	at com.swift.sandhook.xposedcompat.hookstub.HookStubManager.hookBridge(HookStubManager.java:299)
09-11 11:51:27.327 E/EdXposed-Bridge( 8583): 	at com.swift.sandhook.xposedcompat.hookstub.MethodHookerStubs64.stub_hook_0(MethodHookerStubs64.java:198)
09-11 11:51:27.327 E/EdXposed-Bridge( 8583): 	at android.app.ActivityThread.access$2000(ActivityThread.java:273)
09-11 11:51:27.327 E/EdXposed-Bridge( 8583): 	at android.app.ActivityThread$H.handleMessage(ActivityThread.java:2020)
09-11 11:51:27.327 E/EdXposed-Bridge( 8583): 	at android.os.Handler.dispatchMessage(Handler.java:112)
09-11 11:51:27.327 E/EdXposed-Bridge( 8583): 	at android.os.Looper.loop(Looper.java:216)
09-11 11:51:27.327 E/EdXposed-Bridge( 8583): 	at android.app.ActivityThread.main(ActivityThread.java:7625)
09-11 11:51:27.327 E/EdXposed-Bridge( 8583): 	at java.lang.reflect.Method.invoke(Native Method)
09-11 11:51:27.327 E/EdXposed-Bridge( 8583): 	at com.android.internal.os.RuntimeInit$MethodAndArgsCaller.run(RuntimeInit.java:524)
09-11 11:51:27.327 E/EdXposed-Bridge( 8583): 	at com.android.internal.os.ZygoteInit.main(ZygoteInit.java:987)
09-11 11:51:27.327 E/EdXposed-Bridge( 8583): Caused by: java.lang.ClassNotFoundException: com.android.server.LocationManagerService$Receiver
09-11 11:51:27.327 E/EdXposed-Bridge( 8583): 	at java.lang.Class.classForName(Native Method)
09-11 11:51:27.327 E/EdXposed-Bridge( 8583): 	at java.lang.Class.forName(Class.java:453)
09-11 11:51:27.327 E/EdXposed-Bridge( 8583): 	at external.org.apache.commons.lang3.ClassUtils.getClass(ClassUtils.java:823)
09-11 11:51:27.327 E/EdXposed-Bridge( 8583): 	at de.robv.android.xposed.XposedHelpers.findClass(XposedHelpers.java:69)
09-11 11:51:27.327 E/EdXposed-Bridge( 8583): 	... 33 more
09-11 11:51:27.327 E/EdXposed-Bridge( 8583): Caused by: java.lang.ClassNotFoundException: Didn't find class "com.android.server.LocationManagerService$Receiver" on path: DexPathList[[zip file "/system/framework/org.apache.http.legacy.boot.jar", zip file "/system/app/Stk/Stk.apk"],nativeLibraryDirectories=[/system/app/Stk/lib/arm64, /system/lib64, /product/lib64, /system/lib64, /product/lib64]]
09-11 11:51:27.327 E/EdXposed-Bridge( 8583): 	at dalvik.system.BaseDexClassLoader.findClass(BaseDexClassLoader.java:134)
09-11 11:51:27.327 E/EdXposed-Bridge( 8583): 	at java.lang.ClassLoader.loadClass(ClassLoader.java:379)
09-11 11:51:27.327 E/EdXposed-Bridge( 8583): 	at java.lang.ClassLoader.loadClass(ClassLoader.java:312)
09-11 11:51:27.327 E/EdXposed-Bridge( 8583): 	... 37 more
09-11 11:51:27.390 E/IppAlgoSmartAE(  785): [3c6ca2b_64E] doSmartAEAlgo() failed to getSceneMode
09-11 11:51:27.443 E/EdXposed-Bridge( 8583): de.robv.android.xposed.XposedHelpers$ClassNotFoundError: java.lang.ClassNotFoundException: com.android.server.LocationManagerService$Receiver
09-11 11:51:27.443 E/EdXposed-Bridge( 8583): 	at de.robv.android.xposed.XposedHelpers.findClass(XposedHelpers.java:71)
09-11 11:51:27.443 E/EdXposed-Bridge( 8583): 	at de.robv.android.xposed.XposedHelpers.findAndHookMethod(XposedHelpers.java:260)
09-11 11:51:27.443 E/EdXposed-Bridge( 8583): 	at b.c.a.v.a(SourceFile:1)
09-11 11:51:27.443 E/EdXposed-Bridge( 8583): 	at b.c.a.r.a(SourceFile:24)
09-11 11:51:27.443 E/EdXposed-Bridge( 8583): 	at com.bigsing.fakemap.MainHook.handleLoadPackage(SourceFile:10)
09-11 11:51:27.443 E/EdXposed-Bridge( 8583): 	at de.robv.android.xposed.IXposedHookLoadPackage$Wrapper.handleLoadPackage(IXposedHookLoadPackage.java:37)
09-11 11:51:27.443 E/EdXposed-Bridge( 8583): 	at de.robv.android.xposed.callbacks.XC_LoadPackage.call(XC_LoadPackage.java:61)
09-11 11:51:27.443 E/EdXposed-Bridge( 8583): 	at de.robv.android.xposed.callbacks.XCallback.callAll(XCallback.java:117)
09-11 11:51:27.443 E/EdXposed-Bridge( 8583): 	at com.elderdrivers.riru.edxp._hooker.impl.LoadedApkCstr.afterHookedMethod(LoadedApkCstr.java:67)
09-11 11:51:27.443 E/EdXposed-Bridge( 8583): 	at de.robv.android.xposed.XC_MethodHook.callAfterHookedMethod(XC_MethodHook.java:68)
09-11 11:51:27.443 E/EdXposed-Bridge( 8583): 	at com.swift.sandhook.xposedcompat.hookstub.HookStubManager.hookBridge(HookStubManager.java:383)
09-11 11:51:27.443 E/EdXposed-Bridge( 8583): 	at SandHookerNew_11kmfuj3mo4jprq7n6o7upu921.hook(Unknown Source:87)
09-11 11:51:27.443 E/EdXposed-Bridge( 8583): 	at android.app.ActivityThread.getPackageInfo(ActivityThread.java:2540)
09-11 11:51:27.443 E/EdXposed-Bridge( 8583): 	at android.app.ActivityThread.getPackageInfo(ActivityThread.java:2495)
09-11 11:51:27.443 E/EdXposed-Bridge( 8583): 	at android.app.ActivityThread.getPackageInfo(ActivityThread.java:2467)
09-11 11:51:27.443 E/EdXposed-Bridge( 8583): 	at android.app.ContextImpl.createPackageContextAsUser(ContextImpl.java:2352)
09-11 11:51:27.443 E/EdXposed-Bridge( 8583): 	at android.app.ContextImpl.createPackageContext(ContextImpl.java:2339)
09-11 11:51:27.443 E/EdXposed-Bridge( 8583): 	at android.content.ContextWrapper.createPackageContext(ContextWrapper.java:852)
09-11 11:51:27.443 E/EdXposed-Bridge( 8583): 	at android.app.ActivityThread.installProvider(ActivityThread.java:7228)
09-11 11:51:27.443 E/EdXposed-Bridge( 8583): 	at android.app.ActivityThread.installContentProviders(ActivityThread.java:6813)
09-11 11:51:27.443 E/EdXposed-Bridge( 8583): 	at android.app.ActivityThread.handleBindApplication(ActivityThread.java:6699)
09-11 11:51:27.443 E/EdXposed-Bridge( 8583): 	at java.lang.reflect.Method.invoke(Native Method)
09-11 11:51:27.443 E/EdXposed-Bridge( 8583): 	at com.swift.sandhook.SandHook.callOriginMethod(SandHook.java:176)
09-11 11:51:27.443 E/EdXposed-Bridge( 8583): 	at com.swift.sandhook.SandHook.callOriginMethod(SandHook.java:154)
09-11 11:51:27.443 E/EdXposed-Bridge( 8583): 	at com.swift.sandhook.xposedcompat.hookstub.HookStubManager.hookBridge(HookStubManager.java:299)
09-11 11:51:27.443 E/EdXposed-Bridge( 8583): 	at com.swift.sandhook.xposedcompat.hookstub.MethodHookerStubs64.stub_hook_0(MethodHookerStubs64.java:198)
09-11 11:51:27.443 E/EdXposed-Bridge( 8583): 	at android.app.ActivityThread.access$2000(ActivityThread.java:273)
09-11 11:51:27.443 E/EdXposed-Bridge( 8583): 	at android.app.ActivityThread$H.handleMessage(ActivityThread.java:2020)
09-11 11:51:27.443 E/EdXposed-Bridge( 8583): 	at android.os.Handler.dispatchMessage(Handler.java:112)
09-11 11:51:27.443 E/EdXposed-Bridge( 8583): 	at android.os.Looper.loop(Looper.java:216)
09-11 11:51:27.443 E/EdXposed-Bridge( 8583): 	at android.app.ActivityThread.main(ActivityThread.java:7625)
09-11 11:51:27.443 E/EdXposed-Bridge( 8583): 	at java.lang.reflect.Method.invoke(Native Method)
09-11 11:51:27.443 E/EdXposed-Bridge( 8583): 	at com.android.internal.os.RuntimeInit$MethodAndArgsCaller.run(RuntimeInit.java:524)
09-11 11:51:27.443 E/EdXposed-Bridge( 8583): 	at com.android.internal.os.ZygoteInit.main(ZygoteInit.java:987)
09-11 11:51:27.443 E/EdXposed-Bridge( 8583): Caused by: java.lang.ClassNotFoundException: com.android.server.LocationManagerService$Receiver
09-11 11:51:27.443 E/EdXposed-Bridge( 8583): 	at java.lang.Class.classForName(Native Method)
09-11 11:51:27.443 E/EdXposed-Bridge( 8583): 	at java.lang.Class.forName(Class.java:453)
09-11 11:51:27.443 E/EdXposed-Bridge( 8583): 	at external.org.apache.commons.lang3.ClassUtils.getClass(ClassUtils.java:823)
09-11 11:51:27.443 E/EdXposed-Bridge( 8583): 	at de.robv.android.xposed.XposedHelpers.findClass(XposedHelpers.java:69)
09-11 11:51:27.443 E/EdXposed-Bridge( 8583): 	... 33 more
09-11 11:51:27.443 E/EdXposed-Bridge( 8583): Caused by: java.lang.ClassNotFoundException: Didn't find class "com.android.server.LocationManagerService$Receiver" on path: DexPathList[[zip file "/system/framework/org.apache.http.legacy.boot.jar", zip file "/system/priv-app/TelephonyProvider/TelephonyProvider.apk"],nativeLibraryDirectories=[/system/priv-app/TelephonyProvider/lib/arm64, /system/lib64, /product/lib64, /system/lib64, /product/lib64]]
09-11 11:51:27.443 E/EdXposed-Bridge( 8583): 	at dalvik.system.BaseDexClassLoader.findClass(BaseDexClassLoader.java:134)
09-11 11:51:27.443 E/EdXposed-Bridge( 8583): 	at java.lang.ClassLoader.loadClass(ClassLoader.java:379)
09-11 11:51:27.443 E/EdXposed-Bridge( 8583): 	at java.lang.ClassLoader.loadClass(ClassLoader.java:312)
09-11 11:51:27.443 E/EdXposed-Bridge( 8583): 	... 37 more
09-11 11:51:27.443 E/Thermal-daemon(  783): [ap] temp_new :47  temp_old :46
09-11 11:51:27.445 E/Thermal-daemon(  783): Report temperature: [ap] temp :47  report_threshold:1
09-11 11:51:27.456 E/IppAlgoSmartAE(  785): [3c6ca2b_64E] doSmartAEAlgo() failed to getSceneMode
09-11 11:51:27.496 E/CarrierIdProvider( 8583): read carrier list from ota pb failure: java.io.FileNotFoundException: /data/misc/carrierid/carrier_list.pb (No such file or directory)
09-11 11:51:27.515 E/RcsService( 8583): RcsXmlParser - mContext or mccmnc is null return
09-11 11:51:27.522 E/IppAlgoSmartAE(  785): [3c6ca2b_64E] doSmartAEAlgo() failed to getSceneMode
09-11 11:51:27.529 E/HwModemCapability( 8583): isCapabilitySupport java.lang.StringIndexOutOfBoundsException: length=7; index=7
09-11 11:51:27.589 E/IppAlgoSmartAE(  785): [3c6ca2b_64E] doSmartAEAlgo() failed to getSceneMode
09-11 11:51:27.626 E/FileUtils( 8583):  error:SHA1 for file /cust/global/carrier/network/xml/globalAutoAdapt-conf.xml; value:[29, -11, -105, 22, 76, -24, 6, 47, 59, 126, -71, -103, 102, 7, -44, -98, -69, -55, -56, -85]
09-11 11:51:27.626 E/FileUtils( 8583):  error:digest for file /cust/global/carrier/network/xml/globalAutoAdapt-conf.xml; value:HfWXFkzoBi87frmZZgfUnrvJyKs=
09-11 11:51:27.627 E/FileUtils( 8583):  error:compare digest for file /cust/global/carrier/network/xml/globalAutoAdapt-conf.xml; newDigest=HfWXFkzoBi87frmZZgfUnrvJyKs=; oldDigest=:HfWXFkzoBi87frmZZgfUnrvJyKs=
09-11 11:51:27.631 E/FileUtils( 8583):  error:SHA1 for file /system/etc/virtualNets-conf.xml; value:[]
09-11 11:51:27.631 E/FileUtils( 8583):  error:compare digest for file /system/etc/virtualNets-conf.xml; newDigest=null; oldDigest=:still_no_digest
09-11 11:51:27.631 E/FileUtils( 8583):  error:isDigestChanged::digest key is::virtualnets_config_digest, it's new digest is null!
09-11 11:51:27.634 E/FileUtils( 8583):  error:SHA1 for file /cust/global/carrier/network/xml/globalMatchs-conf.xml; value:[-115, -101, -37, -111, -119, -116, -19, -11, 95, -17, -13, 65, -77, -109, 100, 44, -100, 82, -44, 34]
09-11 11:51:27.634 E/FileUtils( 8583):  error:digest for file /cust/global/carrier/network/xml/globalMatchs-conf.xml; value:jZvbkYmM7fVf7/NBs5NkLJxS1CI=
09-11 11:51:27.634 E/FileUtils( 8583):  error:compare digest for file /cust/global/carrier/network/xml/globalMatchs-conf.xml; newDigest=jZvbkYmM7fVf7/NBs5NkLJxS1CI=; oldDigest=:jZvbkYmM7fVf7/NBs5NkLJxS1CI=
09-11 11:51:27.659 E/HwInstantOnline-InstantOnlineService( 2421): AdapterListener.onIotStateChange: 2
09-11 11:51:27.662 E/IppAlgoSmartAE(  785): [3c6ca2b_64E] doSmartAEAlgo() failed to getSceneMode
09-11 11:51:27.666 E/SarControl_Manager( 2057): setMaxTxPower, power is illegal, not set the sar
09-11 11:51:27.683 E/HwModemCapability( 8583): isCapabilitySupport java.lang.StringIndexOutOfBoundsException: length=7; index=7
09-11 11:51:27.684 E/HwModemCapability( 8583): isCapabilitySupport java.lang.StringIndexOutOfBoundsException: length=7; index=7
09-11 11:51:27.685 E/SarControl_Manager( 2057): setMaxTxPower, power is illegal, not set the sar
09-11 11:51:27.726 E/IppAlgoSmartAE(  785): [3c6ca2b_64E] doSmartAEAlgo() failed to getSceneMode
09-11 11:51:27.766 E/HwModemCapability( 8583): isCapabilitySupport java.lang.StringIndexOutOfBoundsException: length=7; index=7
09-11 11:51:27.790 E/IppAlgoSmartAE(  785): [3c6ca2b_64E] doSmartAEAlgo() failed to getSceneMode
09-11 11:51:27.857 E/IppAlgoSmartAE(  785): [3c6ca2b_64E] doSmartAEAlgo() failed to getSceneMode
09-11 11:51:27.864 E/aiserver(  801): +++ AiModelMngrService::runModel2 PIDCID_CONCAT = 4168000
09-11 11:51:27.864 E/aiserver(  801): +++ AiModelMngrService::runModel2 isSync = 1
09-11 11:51:27.926 E/IppAlgoSmartAE(  785): [3c6ca2b_64E] doSmartAEAlgo() failed to getSceneMode
09-11 11:51:27.934 E/aiserver(  801): +++ AiModelMngrService::runModel2 PIDCID_CONCAT = 4168000
09-11 11:51:27.934 E/aiserver(  801): +++ AiModelMngrService::runModel2 isSync = 1
09-11 11:51:27.992 E/IppAlgoSmartAE(  785): [3c6ca2b_64E] doSmartAEAlgo() failed to getSceneMode
09-11 11:51:27.996 E/HwModemCapability( 8583): isCapabilitySupport java.lang.StringIndexOutOfBoundsException: length=7; index=7
09-11 11:51:27.999 E/aiserver(  801): +++ AiModelMngrService::runModel2 PIDCID_CONCAT = 4168000
09-11 11:51:27.999 E/aiserver(  801): +++ AiModelMngrService::runModel2 isSync = 1
09-11 11:51:28.058 E/IppAlgoSmartAE(  785): [3c6ca2b_64E] doSmartAEAlgo() failed to getSceneMode
09-11 11:51:28.064 E/aiserver(  801): +++ AiModelMngrService::runModel2 PIDCID_CONCAT = 4168000
09-11 11:51:28.064 E/aiserver(  801): +++ AiModelMngrService::runModel2 isSync = 1
09-11 11:51:28.078 E/OllieTelephony( 2057): sendFullData err:-1
09-11 11:51:28.123 E/IppAlgoSmartAE(  785): [3c6ca2b_64E] doSmartAEAlgo() failed to getSceneMode
09-11 11:51:28.128 E/aiserver(  801): +++ AiModelMngrService::runModel2 PIDCID_CONCAT = 4168000
09-11 11:51:28.129 E/aiserver(  801): +++ AiModelMngrService::runModel2 isSync = 1
09-11 11:51:28.191 E/IppAlgoSmartAE(  785): [3c6ca2b_64E] doSmartAEAlgo() failed to getSceneMode
09-11 11:51:28.199 E/aiserver(  801): +++ AiModelMngrService::runModel2 PIDCID_CONCAT = 4168000
09-11 11:51:28.200 E/aiserver(  801): +++ AiModelMngrService::runModel2 isSync = 1
09-11 11:51:28.220 E/HiData_HwArbitrationStateMachine( 1507): Unhandled Message: 4 in State: InitialState
09-11 11:51:28.225 E/HiBoard_a( 4234): onServiceStateChanged : service state is 1
09-11 11:51:28.235 E/HwModemCapability( 8583): isCapabilitySupport java.lang.StringIndexOutOfBoundsException: length=7; index=7
09-11 11:51:28.260 E/IppAlgoSmartAE(  785): [3c6ca2b_64E] doSmartAEAlgo() failed to getSceneMode
09-11 11:51:28.263 E/aiserver(  801): +++ AiModelMngrService::runModel2 PIDCID_CONCAT = 4168000
09-11 11:51:28.263 E/aiserver(  801): +++ AiModelMngrService::runModel2 isSync = 1
09-11 11:51:28.272 E/HwXmlLogParse( 1507): mfile is null.
09-11 11:51:28.301 E/HwModemCapability( 8583): isCapabilitySupport java.lang.StringIndexOutOfBoundsException: length=7; index=7
09-11 11:51:28.305 E/HwReportTool( 1507): This is not beta user build
09-11 11:51:28.306 E/HwXmlLogParse( 1507): mfile is null.
09-11 11:51:28.320 E/IppAlgoSmartAE(  785): [3c6ca2b_64E] doSmartAEAlgo() failed to getSceneMode
09-11 11:51:28.327 E/aiserver(  801): +++ AiModelMngrService::runModel2 PIDCID_CONCAT = 4168000
09-11 11:51:28.327 E/aiserver(  801): +++ AiModelMngrService::runModel2 isSync = 1
09-11 11:51:28.344 E/ANet-NetworkClient( 2042): async send error, errorCode: 13, msg:Unable to resolve host "restapi.amap.com": No address associated with hostname
09-11 11:51:28.344 E/@_13_1_@( 2042): getFromLocation exception:
09-11 11:51:28.344 E/@_13_1_@( 2042): java.io.IOException: com.autonavi.core.network.inter.response.ResponseException: Unable to resolve host "restapi.amap.com": No address associated with hostname
09-11 11:51:28.344 E/@_13_1_@( 2042): 	at com.amap.location.geocode.a.a(GeocodeClient.java:578)
09-11 11:51:28.344 E/@_13_1_@( 2042): 	at com.amap.android.location.GeocodeManager.reverseGeocode(GeocodeManager.java:54)
09-11 11:51:28.344 E/@_13_1_@( 2042): 	at com.huawei.lbs.geocoder.HwGeoCoderProvider.hwGetFromLocation(HwGeoCoderProvider.java:318)
09-11 11:51:28.344 E/@_13_1_@( 2042): 	at com.huawei.lbs.geocoder.HwGeoCoderProvider.access$300(HwGeoCoderProvider.java:27)
09-11 11:51:28.344 E/@_13_1_@( 2042): 	at com.huawei.lbs.geocoder.HwGeoCoderProvider$ServiceHandler.handleMessage(HwGeoCoderProvider.java:273)
09-11 11:51:28.344 E/@_13_1_@( 2042): 	at android.os.Handler.dispatchMessage(Handler.java:112)
09-11 11:51:28.344 E/@_13_1_@( 2042): 	at android.os.Looper.loop(Looper.java:216)
09-11 11:51:28.344 E/@_13_1_@( 2042): 	at android.os.HandlerThread.run(HandlerThread.java:65)
09-11 11:51:28.344 E/@_13_1_@( 2042): Caused by: com.autonavi.core.network.inter.response.ResponseException: Unable to resolve host "restapi.amap.com": No address associated with hostname
09-11 11:51:28.344 E/@_13_1_@( 2042): 	at com.autonavi.core.network.inter.NetworkClient$1.run(NetworkClient.java:263)
09-11 11:51:28.344 E/@_13_1_@( 2042): 	at com.autonavi.core.network.a.a.d$c.run(ThreadPool.java:155)
09-11 11:51:28.344 E/@_13_1_@( 2042): 	at java.util.concurrent.ThreadPoolExecutor.processTask(ThreadPoolExecutor.java:1187)
09-11 11:51:28.344 E/@_13_1_@( 2042): 	at java.util.concurrent.ThreadPoolExecutor.runWorker(ThreadPoolExecutor.java:1152)
09-11 11:51:28.344 E/@_13_1_@( 2042): 	at java.util.concurrent.ThreadPoolExecutor$Worker.run(ThreadPoolExecutor.java:641)
09-11 11:51:28.344 E/@_13_1_@( 2042): 	at java.lang.Thread.run(Thread.java:784)
09-11 11:51:28.390 E/IppAlgoSmartAE(  785): [3c6ca2b_64E] doSmartAEAlgo() failed to getSceneMode
09-11 11:51:28.396 E/aiserver(  801): +++ AiModelMngrService::runModel2 PIDCID_CONCAT = 4168000
09-11 11:51:28.396 E/aiserver(  801): +++ AiModelMngrService::runModel2 isSync = 1
09-11 11:51:28.459 E/IppAlgoSmartAE(  785): [3c6ca2b_64E] doSmartAEAlgo() failed to getSceneMode
09-11 11:51:28.466 E/aiserver(  801): +++ AiModelMngrService::runModel2 PIDCID_CONCAT = 4168000
09-11 11:51:28.466 E/aiserver(  801): +++ AiModelMngrService::runModel2 isSync = 1
09-11 11:51:28.474 E/HwXmlLogParse( 1507): mfile is null.
09-11 11:51:28.483 E/AndroidRuntime( 8583): FATAL EXCEPTION: HwLocationBasedTzUpdater
09-11 11:51:28.483 E/AndroidRuntime( 8583): Process: com.android.phone, PID: 8583
09-11 11:51:28.483 E/AndroidRuntime( 8583): java.lang.RuntimeException: StateMachine.handleMessage: The start method not called, received msg: { when=0 what=100 obj=Location[gps 30******,120****** hAcc=100 et=+1m46s251ms vAcc=??? sAcc=??? bAcc=???] target=com.android.internal.util.StateMachine$SmHandler }
09-11 11:51:28.483 E/AndroidRuntime( 8583): 	at com.android.internal.util.StateMachine$SmHandler.handleMessage(StateMachine.java:820)
09-11 11:51:28.483 E/AndroidRuntime( 8583): 	at android.os.Handler.dispatchMessage(Handler.java:112)
09-11 11:51:28.483 E/AndroidRuntime( 8583): 	at android.os.Looper.loop(Looper.java:216)
09-11 11:51:28.483 E/AndroidRuntime( 8583): 	at android.os.HandlerThread.run(HandlerThread.java:65)
09-11 11:51:28.491 E/iMonitor(  807): FaultDetect: DUMPTOOL_PRINTF return.
09-11 11:51:28.496 E/iMonitor(  807): FaultDetect: DUMPTOOL_PRINTF return.
09-11 11:51:28.497 E/iMonitor(  807): FaultDetect: DUMPTOOL_PRINTF return.
09-11 11:51:28.503 E/iMonitor(  807): FaultDetect: DUMPTOOL_PRINTF return.
09-11 11:51:28.503 E/iMonitor(  807): FaultDetect: DUMPTOOL_PRINTF return.
09-11 11:51:28.506 E/iMonitor(  807): FaultDetect: DUMPTOOL_PRINTF return.
09-11 11:51:28.506 E/iMonitor(  807): FaultDetect: DUMPTOOL_PRINTF return.
09-11 11:51:28.507 E/iMonitor(  807): FaultDetect: DUMPTOOL_PRINTF return.
09-11 11:51:28.512 E/iMonitor(  807): FaultDetect: DUMPTOOL_PRINTF return.
09-11 11:51:28.512 E/iMonitor(  807): FaultDetect: DUMPTOOL_PRINTF return.
09-11 11:51:28.512 E/iMonitor(  807): FaultDetect: DUMPTOOL_PRINTF return.
09-11 11:51:28.512 E/iMonitor(  807): FaultDetect: DUMPTOOL_PRINTF return.
09-11 11:51:28.512 E/iMonitor(  807): FaultDetect: DUMPTOOL_PRINTF return.
09-11 11:51:28.514 E/iMonitor(  807): FaultDetect: DUMPTOOL_PRINTF return.
09-11 11:51:28.514 E/iMonitor(  807): FaultDetect: DUMPTOOL_PRINTF return.
09-11 11:51:28.526 E/IppAlgoSmartAE(  785): [3c6ca2b_64E] doSmartAEAlgo() failed to getSceneMode
09-11 11:51:28.539 E/aiserver(  801): +++ AiModelMngrService::runModel2 PIDCID_CONCAT = 4168000
09-11 11:51:28.539 E/aiserver(  801): +++ AiModelMngrService::runModel2 isSync = 1
09-11 11:51:28.582 E/HwInstantOnline-NearbyWrapper( 2421): setDiscoverableStatus: adapter is null
09-11 11:51:28.582 E/HwInstantOnline-NearbyWrapper( 2421): setDiscoverableStatus: adapter is null
09-11 11:51:28.582 E/HwInstantOnline-InstantOnlineService( 2421): AdapterListener.onIotStateChange: 2
09-11 11:51:28.590 E/IppAlgoSmartAE(  785): [3c6ca2b_64E] doSmartAEAlgo() failed to getSceneMode
09-11 11:51:28.597 E/HwInstantOnline-NearbyWrapper( 2421): setDiscoverableStatus: adapter is null
09-11 11:51:28.598 E/HwInstantOnline-NearbyWrapper( 2421): setDiscoverableStatus: adapter is null
09-11 11:51:28.608 E/HsmCoreServiceImpl( 2057): onTransact in code is: 102
09-11 11:51:28.609 E/aiserver(  801): +++ AiModelMngrService::runModel2 PIDCID_CONCAT = 4168000
09-11 11:51:28.610 E/aiserver(  801): +++ AiModelMngrService::runModel2 isSync = 1
09-11 11:51:28.622 E/HSM_Install_BG( 2407): SimCardMethod:/getPhoneSimCardInfo: boths card not recongnized
09-11 11:51:28.625 E/HwReportTool( 1507): This is not beta user build
09-11 11:51:28.626 E/HwXmlLogParse( 1507): mfile is null.
09-11 11:51:28.638 E/HSM_Install_BG( 2407): SimCardMethod:/getPhoneSimCardInfo: boths card not recongnized
09-11 11:51:28.659 E/IppAlgoSmartAE(  785): [3c6ca2b_64E] doSmartAEAlgo() failed to getSceneMode
09-11 11:51:28.667 E/aiserver(  801): +++ AiModelMngrService::runModel2 PIDCID_CONCAT = 4168000
09-11 11:51:28.668 E/aiserver(  801): +++ AiModelMngrService::runModel2 isSync = 1
09-11 11:51:28.705 E/ProcessInfoCollector( 1507): getProcessInfo: failed to find this proc 
09-11 11:51:28.723 E/IppAlgoSmartAE(  785): [3c6ca2b_64E] doSmartAEAlgo() failed to getSceneMode
09-11 11:51:28.733 E/aiserver(  801): +++ AiModelMngrService::runModel2 PIDCID_CONCAT = 4168000
09-11 11:51:28.733 E/aiserver(  801): +++ AiModelMngrService::runModel2 isSync = 1
09-11 11:51:28.741 E/m.android.phon( 8687): Not starting debugger since process cannot load the jdwp agent.
09-11 11:51:28.795 E/IppAlgoSmartAE(  785): [3c6ca2b_64E] doSmartAEAlgo() failed to getSceneMode
09-11 11:51:28.799 E/aiserver(  801): +++ AiModelMngrService::runModel2 PIDCID_CONCAT = 4168000
09-11 11:51:28.799 E/aiserver(  801): +++ AiModelMngrService::runModel2 isSync = 1
09-11 11:51:28.858 E/IppAlgoSmartAE(  785): [3c6ca2b_64E] doSmartAEAlgo() failed to getSceneMode
09-11 11:51:28.865 E/aiserver(  801): +++ AiModelMngrService::runModel2 PIDCID_CONCAT = 4168000
09-11 11:51:28.865 E/aiserver(  801): +++ AiModelMngrService::runModel2 isSync = 1
09-11 11:51:28.927 E/IppAlgoSmartAE(  785): [3c6ca2b_64E] doSmartAEAlgo() failed to getSceneMode
09-11 11:51:28.930 E/aiserver(  801): +++ AiModelMngrService::runModel2 PIDCID_CONCAT = 4168000
09-11 11:51:28.930 E/aiserver(  801): +++ AiModelMngrService::runModel2 isSync = 1
09-11 11:51:28.991 E/IppAlgoSmartAE(  785): [3c6ca2b_64E] doSmartAEAlgo() failed to getSceneMode
09-11 11:51:28.997 E/aiserver(  801): +++ AiModelMngrService::runModel2 PIDCID_CONCAT = 4168000
09-11 11:51:28.997 E/aiserver(  801): +++ AiModelMngrService::runModel2 isSync = 1
09-11 11:51:29.058 E/IppAlgoSmartAE(  785): [3c6ca2b_64E] doSmartAEAlgo() failed to getSceneMode
09-11 11:51:29.063 E/aiserver(  801): +++ AiModelMngrService::runModel2 PIDCID_CONCAT = 4168000
09-11 11:51:29.063 E/aiserver(  801): +++ AiModelMngrService::runModel2 isSync = 1
09-11 11:51:29.111 E/EdXposed-Bridge( 8687): de.robv.android.xposed.XposedHelpers$ClassNotFoundError: java.lang.ClassNotFoundException: com.android.server.LocationManagerService$Receiver
09-11 11:51:29.111 E/EdXposed-Bridge( 8687): 	at de.robv.android.xposed.XposedHelpers.findClass(XposedHelpers.java:71)
09-11 11:51:29.111 E/EdXposed-Bridge( 8687): 	at de.robv.android.xposed.XposedHelpers.findAndHookMethod(XposedHelpers.java:260)
09-11 11:51:29.111 E/EdXposed-Bridge( 8687): 	at b.c.a.v.a(SourceFile:1)
09-11 11:51:29.111 E/EdXposed-Bridge( 8687): 	at b.c.a.r.a(SourceFile:24)
09-11 11:51:29.111 E/EdXposed-Bridge( 8687): 	at com.bigsing.fakemap.MainHook.handleLoadPackage(SourceFile:10)
09-11 11:51:29.111 E/EdXposed-Bridge( 8687): 	at de.robv.android.xposed.IXposedHookLoadPackage$Wrapper.handleLoadPackage(IXposedHookLoadPackage.java:37)
09-11 11:51:29.111 E/EdXposed-Bridge( 8687): 	at de.robv.android.xposed.callbacks.XC_LoadPackage.call(XC_LoadPackage.java:61)
09-11 11:51:29.111 E/EdXposed-Bridge( 8687): 	at de.robv.android.xposed.callbacks.XCallback.callAll(XCallback.java:117)
09-11 11:51:29.111 E/EdXposed-Bridge( 8687): 	at com.elderdrivers.riru.edxp._hooker.impl.HandleBindApp.beforeHookedMethod(HandleBindApp.java:70)
09-11 11:51:29.111 E/EdXposed-Bridge( 8687): 	at de.robv.android.xposed.XC_MethodHook.callBeforeHookedMethod(XC_MethodHook.java:51)
09-11 11:51:29.111 E/EdXposed-Bridge( 8687): 	at com.swift.sandhook.xposedcompat.hookstub.HookStubManager.hookBridge(HookStubManager.java:276)
09-11 11:51:29.111 E/EdXposed-Bridge( 8687): 	at com.swift.sandhook.xposedcompat.hookstub.MethodHookerStubs64.stub_hook_0(MethodHookerStubs64.java:198)
09-11 11:51:29.111 E/EdXposed-Bridge( 8687): 	at android.app.ActivityThread.access$2000(ActivityThread.java:273)
09-11 11:51:29.111 E/EdXposed-Bridge( 8687): 	at android.app.ActivityThread$H.handleMessage(ActivityThread.java:2020)
09-11 11:51:29.111 E/EdXposed-Bridge( 8687): 	at android.os.Handler.dispatchMessage(Handler.java:112)
09-11 11:51:29.111 E/EdXposed-Bridge( 8687): 	at android.os.Looper.loop(Looper.java:216)
09-11 11:51:29.111 E/EdXposed-Bridge( 8687): 	at android.app.ActivityThread.main(ActivityThread.java:7625)
09-11 11:51:29.111 E/EdXposed-Bridge( 8687): 	at java.lang.reflect.Method.invoke(Native Method)
09-11 11:51:29.111 E/EdXposed-Bridge( 8687): 	at com.android.internal.os.RuntimeInit$MethodAndArgsCaller.run(RuntimeInit.java:524)
09-11 11:51:29.111 E/EdXposed-Bridge( 8687): 	at com.android.internal.os.ZygoteInit.main(ZygoteInit.java:987)
09-11 11:51:29.111 E/EdXposed-Bridge( 8687): Caused by: java.lang.ClassNotFoundException: com.android.server.LocationManagerService$Receiver
09-11 11:51:29.111 E/EdXposed-Bridge( 8687): 	at java.lang.Class.classForName(Native Method)
09-11 11:51:29.111 E/EdXposed-Bridge( 8687): 	at java.lang.Class.forName(Class.java:453)
09-11 11:51:29.111 E/EdXposed-Bridge( 8687): 	at external.org.apache.commons.lang3.ClassUtils.getClass(ClassUtils.java:823)
09-11 11:51:29.111 E/EdXposed-Bridge( 8687): 	at de.robv.android.xposed.XposedHelpers.findClass(XposedHelpers.java:69)
09-11 11:51:29.111 E/EdXposed-Bridge( 8687): 	... 19 more
09-11 11:51:29.111 E/EdXposed-Bridge( 8687): Caused by: java.lang.ClassNotFoundException: Didn't find class "com.android.server.LocationManagerService$Receiver" on path: DexPathList[[zip file "/system/framework/org.apache.http.legacy.boot.jar", zip file "/system/priv-app/TeleService/TeleService.apk"],nativeLibraryDirectories=[/system/priv-app/TeleService/lib/arm64, /system/lib64, /product/lib64, /system/lib64, /product/lib64]]
09-11 11:51:29.111 E/EdXposed-Bridge( 8687): 	at dalvik.system.BaseDexClassLoader.findClass(BaseDexClassLoader.java:134)
09-11 11:51:29.111 E/EdXposed-Bridge( 8687): 	at java.lang.ClassLoader.loadClass(ClassLoader.java:379)
09-11 11:51:29.111 E/EdXposed-Bridge( 8687): 	at java.lang.ClassLoader.loadClass(ClassLoader.java:312)
09-11 11:51:29.111 E/EdXposed-Bridge( 8687): 	... 23 more
09-11 11:51:29.123 E/IppAlgoSmartAE(  785): [3c6ca2b_64E] doSmartAEAlgo() failed to getSceneMode
09-11 11:51:29.130 E/aiserver(  801): +++ AiModelMngrService::runModel2 PIDCID_CONCAT = 4168000
09-11 11:51:29.130 E/aiserver(  801): +++ AiModelMngrService::runModel2 isSync = 1
09-11 11:51:29.191 E/IppAlgoSmartAE(  785): [3c6ca2b_64E] doSmartAEAlgo() failed to getSceneMode
09-11 11:51:29.199 E/aiserver(  801): +++ AiModelMngrService::runModel2 PIDCID_CONCAT = 4168000
09-11 11:51:29.199 E/aiserver(  801): +++ AiModelMngrService::runModel2 isSync = 1
09-11 11:51:29.242 E/EdXposed-Bridge( 8687): de.robv.android.xposed.XposedHelpers$ClassNotFoundError: java.lang.ClassNotFoundException: com.android.server.LocationManagerService$Receiver
09-11 11:51:29.242 E/EdXposed-Bridge( 8687): 	at de.robv.android.xposed.XposedHelpers.findClass(XposedHelpers.java:71)
09-11 11:51:29.242 E/EdXposed-Bridge( 8687): 	at de.robv.android.xposed.XposedHelpers.findAndHookMethod(XposedHelpers.java:260)
09-11 11:51:29.242 E/EdXposed-Bridge( 8687): 	at b.c.a.v.a(SourceFile:1)
09-11 11:51:29.242 E/EdXposed-Bridge( 8687): 	at b.c.a.r.a(SourceFile:24)
09-11 11:51:29.242 E/EdXposed-Bridge( 8687): 	at com.bigsing.fakemap.MainHook.handleLoadPackage(SourceFile:10)
09-11 11:51:29.242 E/EdXposed-Bridge( 8687): 	at de.robv.android.xposed.IXposedHookLoadPackage$Wrapper.handleLoadPackage(IXposedHookLoadPackage.java:37)
09-11 11:51:29.242 E/EdXposed-Bridge( 8687): 	at de.robv.android.xposed.callbacks.XC_LoadPackage.call(XC_LoadPackage.java:61)
09-11 11:51:29.242 E/EdXposed-Bridge( 8687): 	at de.robv.android.xposed.callbacks.XCallback.callAll(XCallback.java:117)
09-11 11:51:29.242 E/EdXposed-Bridge( 8687): 	at com.elderdrivers.riru.edxp._hooker.impl.LoadedApkCstr.afterHookedMethod(LoadedApkCstr.java:67)
09-11 11:51:29.242 E/EdXposed-Bridge( 8687): 	at de.robv.android.xposed.XC_MethodHook.callAfterHookedMethod(XC_MethodHook.java:68)
09-11 11:51:29.242 E/EdXposed-Bridge( 8687): 	at com.swift.sandhook.xposedcompat.hookstub.HookStubManager.hookBridge(HookStubManager.java:383)
09-11 11:51:29.242 E/EdXposed-Bridge( 8687): 	at SandHookerNew_11kmfuj3mo4jprq7n6o7upu921.hook(Unknown Source:87)
09-11 11:51:29.242 E/EdXposed-Bridge( 8687): 	at android.app.ActivityThread.getPackageInfo(ActivityThread.java:2540)
09-11 11:51:29.242 E/EdXposed-Bridge( 8687): 	at android.app.ActivityThread.getPackageInfo(ActivityThread.java:2495)
09-11 11:51:29.242 E/EdXposed-Bridge( 8687): 	at android.app.ActivityThread.getPackageInfo(ActivityThread.java:2467)
09-11 11:51:29.242 E/EdXposed-Bridge( 8687): 	at android.app.ContextImpl.createPackageContextAsUser(ContextImpl.java:2352)
09-11 11:51:29.242 E/EdXposed-Bridge( 8687): 	at android.app.ContextImpl.createPackageContext(ContextImpl.java:2339)
09-11 11:51:29.242 E/EdXposed-Bridge( 8687): 	at android.content.ContextWrapper.createPackageContext(ContextWrapper.java:852)
09-11 11:51:29.242 E/EdXposed-Bridge( 8687): 	at android.app.ActivityThread.installProvider(ActivityThread.java:7228)
09-11 11:51:29.242 E/EdXposed-Bridge( 8687): 	at android.app.ActivityThread.installContentProviders(ActivityThread.java:6813)
09-11 11:51:29.242 E/EdXposed-Bridge( 8687): 	at android.app.ActivityThread.handleBindApplication(ActivityThread.java:6699)
09-11 11:51:29.242 E/EdXposed-Bridge( 8687): 	at java.lang.reflect.Method.invoke(Native Method)
09-11 11:51:29.242 E/EdXposed-Bridge( 8687): 	at com.swift.sandhook.SandHook.callOriginMethod(SandHook.java:176)
09-11 11:51:29.242 E/EdXposed-Bridge( 8687): 	at com.swift.sandhook.SandHook.callOriginMethod(SandHook.java:154)
09-11 11:51:29.242 E/EdXposed-Bridge( 8687): 	at com.swift.sandhook.xposedcompat.hookstub.HookStubManager.hookBridge(HookStubManager.java:299)
09-11 11:51:29.242 E/EdXposed-Bridge( 8687): 	at com.swift.sandhook.xposedcompat.hookstub.MethodHookerStubs64.stub_hook_0(MethodHookerStubs64.java:198)
09-11 11:51:29.242 E/EdXposed-Bridge( 8687): 	at android.app.ActivityThread.access$2000(ActivityThread.java:273)
09-11 11:51:29.242 E/EdXposed-Bridge( 8687): 	at android.app.ActivityThread$H.handleMessage(ActivityThread.java:2020)
09-11 11:51:29.242 E/EdXposed-Bridge( 8687): 	at android.os.Handler.dispatchMessage(Handler.java:112)
09-11 11:51:29.242 E/EdXposed-Bridge( 8687): 	at android.os.Looper.loop(Looper.java:216)
09-11 11:51:29.242 E/EdXposed-Bridge( 8687): 	at android.app.ActivityThread.main(ActivityThread.java:7625)
09-11 11:51:29.242 E/EdXposed-Bridge( 8687): 	at java.lang.reflect.Method.invoke(Native Method)
09-11 11:51:29.242 E/EdXposed-Bridge( 8687): 	at com.android.internal.os.RuntimeInit$MethodAndArgsCaller.run(RuntimeInit.java:524)
09-11 11:51:29.242 E/EdXposed-Bridge( 8687): 	at com.android.internal.os.ZygoteInit.main(ZygoteInit.java:987)
09-11 11:51:29.242 E/EdXposed-Bridge( 8687): Caused by: java.lang.ClassNotFoundException: com.android.server.LocationManagerService$Receiver
09-11 11:51:29.242 E/EdXposed-Bridge( 8687): 	at java.lang.Class.classForName(Native Method)
09-11 11:51:29.242 E/EdXposed-Bridge( 8687): 	at java.lang.Class.forName(Class.java:453)
09-11 11:51:29.242 E/EdXposed-Bridge( 8687): 	at external.org.apache.commons.lang3.ClassUtils.getClass(ClassUtils.java:823)
09-11 11:51:29.242 E/EdXposed-Bridge( 8687): 	at de.robv.android.xposed.XposedHelpers.findClass(XposedHelpers.java:69)
09-11 11:51:29.242 E/EdXposed-Bridge( 8687): 	... 33 more
09-11 11:51:29.242 E/EdXposed-Bridge( 8687): Caused by: java.lang.ClassNotFoundException: Didn't find class "com.android.server.LocationManagerService$Receiver" on path: DexPathList[[zip file "/system/framework/org.apache.http.legacy.boot.jar", zip file "/system/app/HwCallRecorder/HwCallRecorder.apk"],nativeLibraryDirectories=[/system/app/HwCallRecorder/lib/arm64, /system/lib64, /product/lib64, /system/lib64, /product/lib64]]
09-11 11:51:29.242 E/EdXposed-Bridge( 8687): 	at dalvik.system.BaseDexClassLoader.findClass(BaseDexClassLoader.java:134)
09-11 11:51:29.242 E/EdXposed-Bridge( 8687): 	at java.lang.ClassLoader.loadClass(ClassLoader.java:379)
09-11 11:51:29.242 E/EdXposed-Bridge( 8687): 	at java.lang.ClassLoader.loadClass(ClassLoader.java:312)
09-11 11:51:29.242 E/EdXposed-Bridge( 8687): 	... 37 more
09-11 11:51:29.257 E/IppAlgoSmartAE(  785): [3c6ca2b_64E] doSmartAEAlgo() failed to getSceneMode
09-11 11:51:29.264 E/aiserver(  801): +++ AiModelMngrService::runModel2 PIDCID_CONCAT = 4168000
09-11 11:51:29.264 E/aiserver(  801): +++ AiModelMngrService::runModel2 isSync = 1
09-11 11:51:29.323 E/IppAlgoSmartAE(  785): [3c6ca2b_64E] doSmartAEAlgo() failed to getSceneMode
09-11 11:51:29.329 E/aiserver(  801): +++ AiModelMngrService::runModel2 PIDCID_CONCAT = 4168000
09-11 11:51:29.329 E/aiserver(  801): +++ AiModelMngrService::runModel2 isSync = 1
09-11 11:51:29.341 E/EdXposed-Bridge( 8687): de.robv.android.xposed.XposedHelpers$ClassNotFoundError: java.lang.ClassNotFoundException: com.android.server.LocationManagerService$Receiver
09-11 11:51:29.341 E/EdXposed-Bridge( 8687): 	at de.robv.android.xposed.XposedHelpers.findClass(XposedHelpers.java:71)
09-11 11:51:29.341 E/EdXposed-Bridge( 8687): 	at de.robv.android.xposed.XposedHelpers.findAndHookMethod(XposedHelpers.java:260)
09-11 11:51:29.341 E/EdXposed-Bridge( 8687): 	at b.c.a.v.a(SourceFile:1)
09-11 11:51:29.341 E/EdXposed-Bridge( 8687): 	at b.c.a.r.a(SourceFile:24)
09-11 11:51:29.341 E/EdXposed-Bridge( 8687): 	at com.bigsing.fakemap.MainHook.handleLoadPackage(SourceFile:10)
09-11 11:51:29.341 E/EdXposed-Bridge( 8687): 	at de.robv.android.xposed.IXposedHookLoadPackage$Wrapper.handleLoadPackage(IXposedHookLoadPackage.java:37)
09-11 11:51:29.341 E/EdXposed-Bridge( 8687): 	at de.robv.android.xposed.callbacks.XC_LoadPackage.call(XC_LoadPackage.java:61)
09-11 11:51:29.341 E/EdXposed-Bridge( 8687): 	at de.robv.android.xposed.callbacks.XCallback.callAll(XCallback.java:117)
09-11 11:51:29.341 E/EdXposed-Bridge( 8687): 	at com.elderdrivers.riru.edxp._hooker.impl.LoadedApkCstr.afterHookedMethod(LoadedApkCstr.java:67)
09-11 11:51:29.341 E/EdXposed-Bridge( 8687): 	at de.robv.android.xposed.XC_MethodHook.callAfterHookedMethod(XC_MethodHook.java:68)
09-11 11:51:29.341 E/EdXposed-Bridge( 8687): 	at com.swift.sandhook.xposedcompat.hookstub.HookStubManager.hookBridge(HookStubManager.java:383)
09-11 11:51:29.341 E/EdXposed-Bridge( 8687): 	at SandHookerNew_11kmfuj3mo4jprq7n6o7upu921.hook(Unknown Source:87)
09-11 11:51:29.341 E/EdXposed-Bridge( 8687): 	at android.app.ActivityThread.getPackageInfo(ActivityThread.java:2540)
09-11 11:51:29.341 E/EdXposed-Bridge( 8687): 	at android.app.ActivityThread.getPackageInfo(ActivityThread.java:2495)
09-11 11:51:29.341 E/EdXposed-Bridge( 8687): 	at android.app.ActivityThread.getPackageInfo(ActivityThread.java:2467)
09-11 11:51:29.341 E/EdXposed-Bridge( 8687): 	at android.app.ContextImpl.createPackageContextAsUser(ContextImpl.java:2352)
09-11 11:51:29.341 E/EdXposed-Bridge( 8687): 	at android.app.ContextImpl.createPackageContext(ContextImpl.java:2339)
09-11 11:51:29.341 E/EdXposed-Bridge( 8687): 	at android.content.ContextWrapper.createPackageContext(ContextWrapper.java:852)
09-11 11:51:29.341 E/EdXposed-Bridge( 8687): 	at android.app.ActivityThread.installProvider(ActivityThread.java:7228)
09-11 11:51:29.341 E/EdXposed-Bridge( 8687): 	at android.app.ActivityThread.installContentProviders(ActivityThread.java:6813)
09-11 11:51:29.341 E/EdXposed-Bridge( 8687): 	at android.app.ActivityThread.handleBindApplication(ActivityThread.java:6699)
09-11 11:51:29.341 E/EdXposed-Bridge( 8687): 	at java.lang.reflect.Method.invoke(Native Method)
09-11 11:51:29.341 E/EdXposed-Bridge( 8687): 	at com.swift.sandhook.SandHook.callOriginMethod(SandHook.java:176)
09-11 11:51:29.341 E/EdXposed-Bridge( 8687): 	at com.swift.sandhook.SandHook.callOriginMethod(SandHook.java:154)
09-11 11:51:29.341 E/EdXposed-Bridge( 8687): 	at com.swift.sandhook.xposedcompat.hookstub.HookStubManager.hookBridge(HookStubManager.java:299)
09-11 11:51:29.341 E/EdXposed-Bridge( 8687): 	at com.swift.sandhook.xposedcompat.hookstub.MethodHookerStubs64.stub_hook_0(MethodHookerStubs64.java:198)
09-11 11:51:29.341 E/EdXposed-Bridge( 8687): 	at android.app.ActivityThread.access$2000(ActivityThread.java:273)
09-11 11:51:29.341 E/EdXposed-Bridge( 8687): 	at android.app.ActivityThread$H.handleMessage(ActivityThread.java:2020)
09-11 11:51:29.341 E/EdXposed-Bridge( 8687): 	at android.os.Handler.dispatchMessage(Handler.java:112)
09-11 11:51:29.341 E/EdXposed-Bridge( 8687): 	at android.os.Looper.loop(Looper.java:216)
09-11 11:51:29.341 E/EdXposed-Bridge( 8687): 	at android.app.ActivityThread.main(ActivityThread.java:7625)
09-11 11:51:29.341 E/EdXposed-Bridge( 8687): 	at java.lang.reflect.Method.invoke(Native Method)
09-11 11:51:29.341 E/EdXposed-Bridge( 8687): 	at com.android.internal.os.RuntimeInit$MethodAndArgsCaller.run(RuntimeInit.java:524)
09-11 11:51:29.341 E/EdXposed-Bridge( 8687): 	at com.android.internal.os.ZygoteInit.main(ZygoteInit.java:987)
09-11 11:51:29.341 E/EdXposed-Bridge( 8687): Caused by: java.lang.ClassNotFoundException: com.android.server.LocationManagerService$Receiver
09-11 11:51:29.341 E/EdXposed-Bridge( 8687): 	at java.lang.Class.classForName(Native Method)
09-11 11:51:29.341 E/EdXposed-Bridge( 8687): 	at java.lang.Class.forName(Class.java:453)
09-11 11:51:29.341 E/EdXposed-Bridge( 8687): 	at external.org.apache.commons.lang3.ClassUtils.getClass(ClassUtils.java:823)
09-11 11:51:29.341 E/EdXposed-Bridge( 8687): 	at de.robv.android.xposed.XposedHelpers.findClass(XposedHelpers.java:69)
09-11 11:51:29.341 E/EdXposed-Bridge( 8687): 	... 33 more
09-11 11:51:29.341 E/EdXposed-Bridge( 8687): Caused by: java.lang.ClassNotFoundException: Didn't find class "com.android.server.LocationManagerService$Receiver" on path: DexPathList[[zip file "/system/framework/org.apache.http.legacy.boot.jar", zip file "/system/app/Stk/Stk.apk"],nativeLibraryDirectories=[/system/app/Stk/lib/arm64, /system/lib64, /product/lib64, /system/lib64, /product/lib64]]
09-11 11:51:29.341 E/EdXposed-Bridge( 8687): 	at dalvik.system.BaseDexClassLoader.findClass(BaseDexClassLoader.java:134)
09-11 11:51:29.341 E/EdXposed-Bridge( 8687): 	at java.lang.ClassLoader.loadClass(ClassLoader.java:379)
09-11 11:51:29.341 E/EdXposed-Bridge( 8687): 	at java.lang.ClassLoader.loadClass(ClassLoader.java:312)
09-11 11:51:29.341 E/EdXposed-Bridge( 8687): 	... 37 more
09-11 11:51:29.391 E/IppAlgoSmartAE(  785): [3c6ca2b_64E] doSmartAEAlgo() failed to getSceneMode
09-11 11:51:29.397 E/aiserver(  801): +++ AiModelMngrService::runModel2 PIDCID_CONCAT = 4168000
09-11 11:51:29.398 E/aiserver(  801): +++ AiModelMngrService::runModel2 isSync = 1
09-11 11:51:29.409 E/aiserver(  801): +++ stopModel2 pid = 4168000
09-11 11:51:29.409 E/aiserver(  801): +++ stopModel2 isSync = 1
09-11 11:51:29.409 E/aiserver(  801): AiModelMngrService::UnloadModel isSync = 1
09-11 11:51:29.409 E/aiserver(  801): +++ enter AiModelMngrService::cleanResource pid = 4168000
09-11 11:51:29.411 E/aiserver(  801): +++ AiModelMngrService::unregisterInstance pid = 4168000
09-11 11:51:29.411 E/aiserver(  801): +++ enter AiModelMngrService::cleanResource pid = 4168000
09-11 11:51:29.411 E/aiserver(  801): cleanResource service 4168000 is not create
09-11 11:51:29.456 E/IntelliService( 4168): onDestroy  com.huawei.intelliServer.intelliServer.IntelliService@4d5f72f
09-11 11:51:29.459 E/IppAlgoSmartAE(  785): [3c6ca2b_64E] doSmartAEAlgo() failed to getSceneMode
09-11 11:51:29.462 E/EdXposed-Bridge( 8687): de.robv.android.xposed.XposedHelpers$ClassNotFoundError: java.lang.ClassNotFoundException: com.android.server.LocationManagerService$Receiver
09-11 11:51:29.462 E/EdXposed-Bridge( 8687): 	at de.robv.android.xposed.XposedHelpers.findClass(XposedHelpers.java:71)
09-11 11:51:29.462 E/EdXposed-Bridge( 8687): 	at de.robv.android.xposed.XposedHelpers.findAndHookMethod(XposedHelpers.java:260)
09-11 11:51:29.462 E/EdXposed-Bridge( 8687): 	at b.c.a.v.a(SourceFile:1)
09-11 11:51:29.462 E/EdXposed-Bridge( 8687): 	at b.c.a.r.a(SourceFile:24)
09-11 11:51:29.462 E/EdXposed-Bridge( 8687): 	at com.bigsing.fakemap.MainHook.handleLoadPackage(SourceFile:10)
09-11 11:51:29.462 E/EdXposed-Bridge( 8687): 	at de.robv.android.xposed.IXposedHookLoadPackage$Wrapper.handleLoadPackage(IXposedHookLoadPackage.java:37)
09-11 11:51:29.462 E/EdXposed-Bridge( 8687): 	at de.robv.android.xposed.callbacks.XC_LoadPackage.call(XC_LoadPackage.java:61)
09-11 11:51:29.462 E/EdXposed-Bridge( 8687): 	at de.robv.android.xposed.callbacks.XCallback.callAll(XCallback.java:117)
09-11 11:51:29.462 E/EdXposed-Bridge( 8687): 	at com.elderdrivers.riru.edxp._hooker.impl.LoadedApkCstr.afterHookedMethod(LoadedApkCstr.java:67)
09-11 11:51:29.462 E/EdXposed-Bridge( 8687): 	at de.robv.android.xposed.XC_MethodHook.callAfterHookedMethod(XC_MethodHook.java:68)
09-11 11:51:29.462 E/EdXposed-Bridge( 8687): 	at com.swift.sandhook.xposedcompat.hookstub.HookStubManager.hookBridge(HookStubManager.java:383)
09-11 11:51:29.462 E/EdXposed-Bridge( 8687): 	at SandHookerNew_11kmfuj3mo4jprq7n6o7upu921.hook(Unknown Source:87)
09-11 11:51:29.462 E/EdXposed-Bridge( 8687): 	at android.app.ActivityThread.getPackageInfo(ActivityThread.java:2540)
09-11 11:51:29.462 E/EdXposed-Bridge( 8687): 	at android.app.ActivityThread.getPackageInfo(ActivityThread.java:2495)
09-11 11:51:29.462 E/EdXposed-Bridge( 8687): 	at android.app.ActivityThread.getPackageInfo(ActivityThread.java:2467)
09-11 11:51:29.462 E/EdXposed-Bridge( 8687): 	at android.app.ContextImpl.createPackageContextAsUser(ContextImpl.java:2352)
09-11 11:51:29.462 E/EdXposed-Bridge( 8687): 	at android.app.ContextImpl.createPackageContext(ContextImpl.java:2339)
09-11 11:51:29.462 E/EdXposed-Bridge( 8687): 	at android.content.ContextWrapper.createPackageContext(ContextWrapper.java:852)
09-11 11:51:29.462 E/EdXposed-Bridge( 8687): 	at android.app.ActivityThread.installProvider(ActivityThread.java:7228)
09-11 11:51:29.462 E/EdXposed-Bridge( 8687): 	at android.app.ActivityThread.installContentProviders(ActivityThread.java:6813)
09-11 11:51:29.462 E/EdXposed-Bridge( 8687): 	at android.app.ActivityThread.handleBindApplication(ActivityThread.java:6699)
09-11 11:51:29.462 E/EdXposed-Bridge( 8687): 	at java.lang.reflect.Method.invoke(Native Method)
09-11 11:51:29.462 E/EdXposed-Bridge( 8687): 	at com.swift.sandhook.SandHook.callOriginMethod(SandHook.java:176)
09-11 11:51:29.462 E/EdXposed-Bridge( 8687): 	at com.swift.sandhook.SandHook.callOriginMethod(SandHook.java:154)
09-11 11:51:29.462 E/EdXposed-Bridge( 8687): 	at com.swift.sandhook.xposedcompat.hookstub.HookStubManager.hookBridge(HookStubManager.java:299)
09-11 11:51:29.462 E/EdXposed-Bridge( 8687): 	at com.swift.sandhook.xposedcompat.hookstub.MethodHookerStubs64.stub_hook_0(MethodHookerStubs64.java:198)
09-11 11:51:29.462 E/EdXposed-Bridge( 8687): 	at android.app.ActivityThread.access$2000(ActivityThread.java:273)
09-11 11:51:29.462 E/EdXposed-Bridge( 8687): 	at android.app.ActivityThread$H.handleMessage(ActivityThread.java:2020)
09-11 11:51:29.462 E/EdXposed-Bridge( 8687): 	at android.os.Handler.dispatchMessage(Handler.java:112)
09-11 11:51:29.462 E/EdXposed-Bridge( 8687): 	at android.os.Looper.loop(Looper.java:216)
09-11 11:51:29.462 E/EdXposed-Bridge( 8687): 	at android.app.ActivityThread.main(ActivityThread.java:7625)
09-11 11:51:29.462 E/EdXposed-Bridge( 8687): 	at java.lang.reflect.Method.invoke(Native Method)
