09-11 11:51:29.462 E/EdXposed-Bridge( 8687): 	at com.android.internal.os.RuntimeInit$MethodAndArgsCaller.run(RuntimeInit.java:524)
09-11 11:51:29.462 E/EdXposed-Bridge( 8687): 	at com.android.internal.os.ZygoteInit.main(ZygoteInit.java:987)
09-11 11:51:29.462 E/EdXposed-Bridge( 8687): Caused by: java.lang.ClassNotFoundException: com.android.server.LocationManagerService$Receiver
09-11 11:51:29.462 E/EdXposed-Bridge( 8687): 	at java.lang.Class.classForName(Native Method)
09-11 11:51:29.462 E/EdXposed-Bridge( 8687): 	at java.lang.Class.forName(Class.java:453)
09-11 11:51:29.462 E/EdXposed-Bridge( 8687): 	at external.org.apache.commons.lang3.ClassUtils.getClass(ClassUtils.java:823)
09-11 11:51:29.462 E/EdXposed-Bridge( 8687): 	at de.robv.android.xposed.XposedHelpers.findClass(XposedHelpers.java:69)
09-11 11:51:29.462 E/EdXposed-Bridge( 8687): 	... 33 more
09-11 11:51:29.462 E/EdXposed-Bridge( 8687): Caused by: java.lang.ClassNotFoundException: Didn't find class "com.android.server.LocationManagerService$Receiver" on path: DexPathList[[zip file "/system/framework/org.apache.http.legacy.boot.jar", zip file "/system/priv-app/TelephonyProvider/TelephonyProvider.apk"],nativeLibraryDirectories=[/system/priv-app/TelephonyProvider/lib/arm64, /system/lib64, /product/lib64, /system/lib64, /product/lib64]]
09-11 11:51:29.462 E/EdXposed-Bridge( 8687): 	at dalvik.system.BaseDexClassLoader.findClass(BaseDexClassLoader.java:134)
09-11 11:51:29.462 E/EdXposed-Bridge( 8687): 	at java.lang.ClassLoader.loadClass(ClassLoader.java:379)
09-11 11:51:29.462 E/EdXposed-Bridge( 8687): 	at java.lang.ClassLoader.loadClass(ClassLoader.java:312)
09-11 11:51:29.462 E/EdXposed-Bridge( 8687): 	... 37 more
09-11 11:51:29.477 E/AudioTrack( 1972): StreamType not music do not upload bigdata
09-11 11:51:29.499 E/libEGL  ( 1507): eglCreateWindowSurface:806 error 300b (EGL_BAD_NATIVE_WINDOW)
09-11 11:51:29.523 E/IppAlgoSmartAE(  785): [3c6ca2b_64E] doSmartAEAlgo() failed to getSceneMode
09-11 11:51:29.538 E/CarrierIdProvider( 8687): read carrier list from ota pb failure: java.io.FileNotFoundException: /data/misc/carrierid/carrier_list.pb (No such file or directory)
09-11 11:51:29.538 E/fpc_fingerprint_hal(  822): [fph_nav] do_navigation break loop, reason: wait_finger_down is canceled -4
09-11 11:51:29.542 E/smartpakit(  644): unsurpport cmd = 27
09-11 11:51:29.542 E/smartpakit(  644): smartpa_algo_control: cmd = 27 execute failed!
09-11 11:51:29.542 E/smartpakit(  644): set_contain_sco_and_speaker_to_dsp: set BT-SCO and speaker to dsp, failed!
09-11 11:51:29.557 E/RcsService( 8687): RcsXmlParser - mContext or mccmnc is null return
09-11 11:51:29.560 E/fpc_tac (  822): fpc_tac_begin_identify---need_liveness_authentication: 0
09-11 11:51:29.568 E/HwModemCapability( 8687): isCapabilitySupport java.lang.StringIndexOutOfBoundsException: length=7; index=7
09-11 11:51:29.575 E/AudioFlinger(  682): writing blocked, write to hal costs: 67 ms
09-11 11:51:29.591 E/IppAlgoSmartAE(  785): [3c6ca2b_64E] doSmartAEAlgo() failed to getSceneMode
09-11 11:51:29.659 E/IppAlgoSmartAE(  785): [3c6ca2b_64E] doSmartAEAlgo() failed to getSceneMode
09-11 11:51:29.672 E/FileUtils( 8687):  error:SHA1 for file /cust/global/carrier/network/xml/globalAutoAdapt-conf.xml; value:[29, -11, -105, 22, 76, -24, 6, 47, 59, 126, -71, -103, 102, 7, -44, -98, -69, -55, -56, -85]
09-11 11:51:29.672 E/FileUtils( 8687):  error:digest for file /cust/global/carrier/network/xml/globalAutoAdapt-conf.xml; value:HfWXFkzoBi87frmZZgfUnrvJyKs=
09-11 11:51:29.672 E/FileUtils( 8687):  error:compare digest for file /cust/global/carrier/network/xml/globalAutoAdapt-conf.xml; newDigest=HfWXFkzoBi87frmZZgfUnrvJyKs=; oldDigest=:HfWXFkzoBi87frmZZgfUnrvJyKs=
09-11 11:51:29.677 E/FileUtils( 8687):  error:SHA1 for file /system/etc/virtualNets-conf.xml; value:[]
09-11 11:51:29.677 E/FileUtils( 8687):  error:compare digest for file /system/etc/virtualNets-conf.xml; newDigest=null; oldDigest=:still_no_digest
09-11 11:51:29.677 E/FileUtils( 8687):  error:isDigestChanged::digest key is::virtualnets_config_digest, it's new digest is null!
09-11 11:51:29.679 E/FileUtils( 8687):  error:SHA1 for file /cust/global/carrier/network/xml/globalMatchs-conf.xml; value:[-115, -101, -37, -111, -119, -116, -19, -11, 95, -17, -13, 65, -77, -109, 100, 44, -100, 82, -44, 34]
09-11 11:51:29.679 E/FileUtils( 8687):  error:digest for file /cust/global/carrier/network/xml/globalMatchs-conf.xml; value:jZvbkYmM7fVf7/NBs5NkLJxS1CI=
09-11 11:51:29.680 E/FileUtils( 8687):  error:compare digest for file /cust/global/carrier/network/xml/globalMatchs-conf.xml; newDigest=jZvbkYmM7fVf7/NBs5NkLJxS1CI=; oldDigest=:jZvbkYmM7fVf7/NBs5NkLJxS1CI=
09-11 11:51:29.710 E/HwInstantOnline-InstantOnlineService( 2421): AdapterListener.onIotStateChange: 2
09-11 11:51:29.714 E/SarControl_Manager( 2057): setMaxTxPower, power is illegal, not set the sar
09-11 11:51:29.725 E/IppAlgoSmartAE(  785): [3c6ca2b_64E] doSmartAEAlgo() failed to getSceneMode
09-11 11:51:29.735 E/HwModemCapability( 8687): isCapabilitySupport java.lang.StringIndexOutOfBoundsException: length=7; index=7
09-11 11:51:29.736 E/HwModemCapability( 8687): isCapabilitySupport java.lang.StringIndexOutOfBoundsException: length=7; index=7
09-11 11:51:29.771 E/SarControl_Manager( 2057): setMaxTxPower, power is illegal, not set the sar
09-11 11:51:29.781 E/JankService(  807): specialActionEntryHandler: should reset and not report
09-11 11:51:29.781 E/JankService(  807): specialActionEntryHandler: should reset and not report
09-11 11:51:29.792 E/IppAlgoSmartAE(  785): [3c6ca2b_64E] doSmartAEAlgo() failed to getSceneMode
09-11 11:51:29.803 E/ContentSensor_TableInfoManager ( 4080): createTableInfo column is null
09-11 11:51:29.806 E/ContentSensor_TableInfoManager ( 4080): createTableInfo column is null
09-11 11:51:29.834 E/libEGL  ( 1507): eglDestroySurface:1000 error 300d (EGL_BAD_SURFACE)
09-11 11:51:29.835 E/ColorFade( 1507): eglDestroySurface failed: error 12301
09-11 11:51:29.835 E/ColorFade( 1507): java.lang.Throwable
09-11 11:51:29.835 E/ColorFade( 1507): 	at com.android.server.display.ColorFade.logEglError(ColorFade.java:691)
09-11 11:51:29.835 E/ColorFade( 1507): 	at com.android.server.display.ColorFade.destroyEglSurface(ColorFade.java:627)
09-11 11:51:29.835 E/ColorFade( 1507): 	at com.android.server.display.ColorFade.dismissResources(ColorFade.java:334)
09-11 11:51:29.835 E/ColorFade( 1507): 	at com.android.server.display.DisplayPowerState.dismissColorFadeResources(DisplayPowerState.java:267)
09-11 11:51:29.835 E/ColorFade( 1507): 	at com.android.server.display.DisplayPowerController.animateScreenStateChange(DisplayPowerController.java:2417)
09-11 11:51:29.835 E/ColorFade( 1507): 	at com.android.server.display.DisplayPowerController.updatePowerState(DisplayPowerController.java:1308)
09-11 11:51:29.835 E/ColorFade( 1507): 	at com.android.server.display.DisplayPowerController.access$2100(DisplayPowerController.java:145)
09-11 11:51:29.835 E/ColorFade( 1507): 	at com.android.server.display.DisplayPowerController$DisplayControllerHandler.handleMessage(DisplayPowerController.java:2950)
09-11 11:51:29.835 E/ColorFade( 1507): 	at android.os.Handler.dispatchMessage(Handler.java:112)
09-11 11:51:29.835 E/ColorFade( 1507): 	at android.os.Looper.loop(Looper.java:216)
09-11 11:51:29.835 E/ColorFade( 1507): 	at android.os.HandlerThread.run(HandlerThread.java:65)
09-11 11:51:29.835 E/ColorFade( 1507): 	at com.android.server.ServiceThread.run(ServiceThread.java:44)
09-11 11:51:29.835 E/libEGL  ( 1507): call to OpenGL ES API with no current context (logged once per thread)
09-11 11:51:29.839 E/SensorHub(  795): PS activate 0
09-11 11:51:29.857 E/IppAlgoSmartAE(  785): [3c6ca2b_64E] doSmartAEAlgo() failed to getSceneMode
09-11 11:51:29.894 E/HsmCoreServiceImpl( 2057): onTransact in code is: 103
09-11 11:51:29.914 E/HISPMsgController(  785): procMsgAck: can't match api:0x201c
09-11 11:51:29.950 E/SensorHub(  795): get_acc_convert_coff = 1000.000000
09-11 11:51:29.950 E/HwModemCapability( 8687): isCapabilitySupport java.lang.StringIndexOutOfBoundsException: length=7; index=7
09-11 11:51:29.956 E/NfcNci:HwCustNfcService( 4105): applyRouting -1.1
09-11 11:51:29.957 E/JankService(  807): JankFrequencyMonitor action return :0
09-11 11:51:29.982 E/FNFaceDetect(  785): [3c6ca2b_64E] onDestroy fail. ai facedetection proxy!
09-11 11:51:29.983 E/IppAlgoSmartAE(  785): [3c6ca2b_64E] onUnloadLibrary() mSmartAESoState is unloaded ,so we not Uninit it!
09-11 11:51:30.176 E/HwModemCapability( 8687): isCapabilitySupport java.lang.StringIndexOutOfBoundsException: length=7; index=7
09-11 11:51:30.465 E/HiData_HwArbitrationStateMachine( 1507): Unhandled Message: 4 in State: InitialState
09-11 11:51:30.466 E/HiBoard_a( 4234): onServiceStateChanged : service state is 1
09-11 11:51:30.484 E/HwModemCapability( 8687): isCapabilitySupport java.lang.StringIndexOutOfBoundsException: length=7; index=7
09-11 11:51:30.531 E/HwXmlLogParse( 1507): mfile is null.
09-11 11:51:30.563 E/HwModemCapability( 8687): isCapabilitySupport java.lang.StringIndexOutOfBoundsException: length=7; index=7
09-11 11:51:30.573 E/HwReportTool( 1507): This is not beta user build
09-11 11:51:30.574 E/HwXmlLogParse( 1507): mfile is null.
09-11 11:51:30.610 E/ANet-NetworkClient( 2042): async send error, errorCode: 13, msg:Unable to resolve host "restapi.amap.com": No address associated with hostname
09-11 11:51:30.611 E/@_13_1_@( 2042): getFromLocation exception:
09-11 11:51:30.611 E/@_13_1_@( 2042): java.io.IOException: com.autonavi.core.network.inter.response.ResponseException: Unable to resolve host "restapi.amap.com": No address associated with hostname
09-11 11:51:30.611 E/@_13_1_@( 2042): 	at com.amap.location.geocode.a.a(GeocodeClient.java:578)
09-11 11:51:30.611 E/@_13_1_@( 2042): 	at com.amap.android.location.GeocodeManager.reverseGeocode(GeocodeManager.java:54)
09-11 11:51:30.611 E/@_13_1_@( 2042): 	at com.huawei.lbs.geocoder.HwGeoCoderProvider.hwGetFromLocation(HwGeoCoderProvider.java:318)
09-11 11:51:30.611 E/@_13_1_@( 2042): 	at com.huawei.lbs.geocoder.HwGeoCoderProvider.access$300(HwGeoCoderProvider.java:27)
09-11 11:51:30.611 E/@_13_1_@( 2042): 	at com.huawei.lbs.geocoder.HwGeoCoderProvider$ServiceHandler.handleMessage(HwGeoCoderProvider.java:273)
09-11 11:51:30.611 E/@_13_1_@( 2042): 	at android.os.Handler.dispatchMessage(Handler.java:112)
09-11 11:51:30.611 E/@_13_1_@( 2042): 	at android.os.Looper.loop(Looper.java:216)
09-11 11:51:30.611 E/@_13_1_@( 2042): 	at android.os.HandlerThread.run(HandlerThread.java:65)
09-11 11:51:30.611 E/@_13_1_@( 2042): Caused by: com.autonavi.core.network.inter.response.ResponseException: Unable to resolve host "restapi.amap.com": No address associated with hostname
09-11 11:51:30.611 E/@_13_1_@( 2042): 	at com.autonavi.core.network.inter.NetworkClient$1.run(NetworkClient.java:263)
09-11 11:51:30.611 E/@_13_1_@( 2042): 	at com.autonavi.core.network.a.a.d$c.run(ThreadPool.java:155)
09-11 11:51:30.611 E/@_13_1_@( 2042): 	at java.util.concurrent.ThreadPoolExecutor.processTask(ThreadPoolExecutor.java:1187)
09-11 11:51:30.611 E/@_13_1_@( 2042): 	at java.util.concurrent.ThreadPoolExecutor.runWorker(ThreadPoolExecutor.java:1152)
09-11 11:51:30.611 E/@_13_1_@( 2042): 	at java.util.concurrent.ThreadPoolExecutor$Worker.run(ThreadPoolExecutor.java:641)
09-11 11:51:30.611 E/@_13_1_@( 2042): 	at java.lang.Thread.run(Thread.java:784)
09-11 11:51:30.802 E/HwXmlLogParse( 1507): mfile is null.
09-11 11:51:30.812 E/AndroidRuntime( 8687): FATAL EXCEPTION: HwLocationBasedTzUpdater
09-11 11:51:30.812 E/AndroidRuntime( 8687): Process: com.android.phone, PID: 8687
09-11 11:51:30.812 E/AndroidRuntime( 8687): java.lang.RuntimeException: StateMachine.handleMessage: The start method not called, received msg: { when=-1ms what=100 obj=Location[gps 30******,120****** hAcc=100 et=+1m48s581ms vAcc=??? sAcc=??? bAcc=???] target=com.android.internal.util.StateMachine$SmHandler }
09-11 11:51:30.812 E/AndroidRuntime( 8687): 	at com.android.internal.util.StateMachine$SmHandler.handleMessage(StateMachine.java:820)
09-11 11:51:30.812 E/AndroidRuntime( 8687): 	at android.os.Handler.dispatchMessage(Handler.java:112)
09-11 11:51:30.812 E/AndroidRuntime( 8687): 	at android.os.Looper.loop(Looper.java:216)
09-11 11:51:30.812 E/AndroidRuntime( 8687): 	at android.os.HandlerThread.run(HandlerThread.java:65)
09-11 11:51:30.822 E/iMonitor(  807): FaultDetect: DUMPTOOL_PRINTF return.
09-11 11:51:30.827 E/iMonitor(  807): FaultDetect: DUMPTOOL_PRINTF return.
09-11 11:51:30.828 E/iMonitor(  807): FaultDetect: DUMPTOOL_PRINTF return.
09-11 11:51:30.836 E/iMonitor(  807): FaultDetect: DUMPTOOL_PRINTF return.
09-11 11:51:30.841 E/iMonitor(  807): FaultDetect: DUMPTOOL_PRINTF return.
09-11 11:51:30.843 E/iMonitor(  807): FaultDetect: DUMPTOOL_PRINTF return.
09-11 11:51:30.846 E/iMonitor(  807): FaultDetect: DUMPTOOL_PRINTF return.
09-11 11:51:30.846 E/iMonitor(  807): FaultDetect: DUMPTOOL_PRINTF return.
09-11 11:51:30.847 E/iMonitor(  807): FaultDetect: DUMPTOOL_PRINTF return.
09-11 11:51:30.847 E/iMonitor(  807): FaultDetect: DUMPTOOL_PRINTF return.
09-11 11:51:30.847 E/iMonitor(  807): FaultDetect: DUMPTOOL_PRINTF return.
09-11 11:51:30.850 E/iMonitor(  807): FaultDetect: DUMPTOOL_PRINTF return.
09-11 11:51:30.850 E/iMonitor(  807): FaultDetect: DUMPTOOL_PRINTF return.
09-11 11:51:30.970 E/HwInstantOnline-NearbyWrapper( 2421): setDiscoverableStatus: adapter is null
09-11 11:51:30.970 E/HwInstantOnline-NearbyWrapper( 2421): setDiscoverableStatus: adapter is null
09-11 11:51:30.971 E/HwInstantOnline-InstantOnlineService( 2421): AdapterListener.onIotStateChange: 2
09-11 11:51:30.981 E/HsmCoreServiceImpl( 2057): onTransact in code is: 102
09-11 11:51:30.986 E/HwInstantOnline-NearbyWrapper( 2421): setDiscoverableStatus: adapter is null
09-11 11:51:30.986 E/HwInstantOnline-NearbyWrapper( 2421): setDiscoverableStatus: adapter is null
09-11 11:51:31.006 E/HwReportTool( 1507): This is not beta user build
09-11 11:51:31.007 E/HwXmlLogParse( 1507): mfile is null.
09-11 11:51:31.053 E/HSM_Install_BG( 2407): SimCardMethod:/getPhoneSimCardInfo: boths card not recongnized
09-11 11:51:31.070 E/HSM_Install_BG( 2407): SimCardMethod:/getPhoneSimCardInfo: boths card not recongnized
09-11 11:51:31.116 E/ProcessInfoCollector( 1507): getProcessInfo: failed to find this proc 
09-11 11:51:31.138 E/m.android.phon( 8826): Not starting debugger since process cannot load the jdwp agent.
09-11 11:51:31.332 E/HiddenSpace( 1972): update HiddenSpaceData!
09-11 11:51:31.425 E/TS_Service(  679): hwTsSetAftConfig
09-11 11:51:31.571 E/BoosterGameP( 2057): inValidCQI:-1
09-11 11:51:31.587 E/        ( 2070):  CAWARENESS_CLIENT: getHwMSDPOtherParametersbyString arrayString is empty!
09-11 11:51:31.643 E/EdXposed-Bridge( 8826): de.robv.android.xposed.XposedHelpers$ClassNotFoundError: java.lang.ClassNotFoundException: com.android.server.LocationManagerService$Receiver
09-11 11:51:31.643 E/EdXposed-Bridge( 8826): 	at de.robv.android.xposed.XposedHelpers.findClass(XposedHelpers.java:71)
09-11 11:51:31.643 E/EdXposed-Bridge( 8826): 	at de.robv.android.xposed.XposedHelpers.findAndHookMethod(XposedHelpers.java:260)
09-11 11:51:31.643 E/EdXposed-Bridge( 8826): 	at b.c.a.v.a(SourceFile:1)
09-11 11:51:31.643 E/EdXposed-Bridge( 8826): 	at b.c.a.r.a(SourceFile:24)
09-11 11:51:31.643 E/EdXposed-Bridge( 8826): 	at com.bigsing.fakemap.MainHook.handleLoadPackage(SourceFile:10)
09-11 11:51:31.643 E/EdXposed-Bridge( 8826): 	at de.robv.android.xposed.IXposedHookLoadPackage$Wrapper.handleLoadPackage(IXposedHookLoadPackage.java:37)
09-11 11:51:31.643 E/EdXposed-Bridge( 8826): 	at de.robv.android.xposed.callbacks.XC_LoadPackage.call(XC_LoadPackage.java:61)
09-11 11:51:31.643 E/EdXposed-Bridge( 8826): 	at de.robv.android.xposed.callbacks.XCallback.callAll(XCallback.java:117)
09-11 11:51:31.643 E/EdXposed-Bridge( 8826): 	at com.elderdrivers.riru.edxp._hooker.impl.HandleBindApp.beforeHookedMethod(HandleBindApp.java:70)
09-11 11:51:31.643 E/EdXposed-Bridge( 8826): 	at de.robv.android.xposed.XC_MethodHook.callBeforeHookedMethod(XC_MethodHook.java:51)
09-11 11:51:31.643 E/EdXposed-Bridge( 8826): 	at com.swift.sandhook.xposedcompat.hookstub.HookStubManager.hookBridge(HookStubManager.java:276)
09-11 11:51:31.643 E/EdXposed-Bridge( 8826): 	at com.swift.sandhook.xposedcompat.hookstub.MethodHookerStubs64.stub_hook_0(MethodHookerStubs64.java:198)
09-11 11:51:31.643 E/EdXposed-Bridge( 8826): 	at android.app.ActivityThread.access$2000(ActivityThread.java:273)
09-11 11:51:31.643 E/EdXposed-Bridge( 8826): 	at android.app.ActivityThread$H.handleMessage(ActivityThread.java:2020)
09-11 11:51:31.643 E/EdXposed-Bridge( 8826): 	at android.os.Handler.dispatchMessage(Handler.java:112)
09-11 11:51:31.643 E/EdXposed-Bridge( 8826): 	at android.os.Looper.loop(Looper.java:216)
09-11 11:51:31.643 E/EdXposed-Bridge( 8826): 	at android.app.ActivityThread.main(ActivityThread.java:7625)
09-11 11:51:31.643 E/EdXposed-Bridge( 8826): 	at java.lang.reflect.Method.invoke(Native Method)
09-11 11:51:31.643 E/EdXposed-Bridge( 8826): 	at com.android.internal.os.RuntimeInit$MethodAndArgsCaller.run(RuntimeInit.java:524)
09-11 11:51:31.643 E/EdXposed-Bridge( 8826): 	at com.android.internal.os.ZygoteInit.main(ZygoteInit.java:987)
09-11 11:51:31.643 E/EdXposed-Bridge( 8826): Caused by: java.lang.ClassNotFoundException: com.android.server.LocationManagerService$Receiver
09-11 11:51:31.643 E/EdXposed-Bridge( 8826): 	at java.lang.Class.classForName(Native Method)
09-11 11:51:31.643 E/EdXposed-Bridge( 8826): 	at java.lang.Class.forName(Class.java:453)
09-11 11:51:31.643 E/EdXposed-Bridge( 8826): 	at external.org.apache.commons.lang3.ClassUtils.getClass(ClassUtils.java:823)
09-11 11:51:31.643 E/EdXposed-Bridge( 8826): 	at de.robv.android.xposed.XposedHelpers.findClass(XposedHelpers.java:69)
09-11 11:51:31.643 E/EdXposed-Bridge( 8826): 	... 19 more
09-11 11:51:31.643 E/EdXposed-Bridge( 8826): Caused by: java.lang.ClassNotFoundException: Didn't find class "com.android.server.LocationManagerService$Receiver" on path: DexPathList[[zip file "/system/framework/org.apache.http.legacy.boot.jar", zip file "/system/priv-app/TeleService/TeleService.apk"],nativeLibraryDirectories=[/system/priv-app/TeleService/lib/arm64, /system/lib64, /product/lib64, /system/lib64, /product/lib64]]
09-11 11:51:31.643 E/EdXposed-Bridge( 8826): 	at dalvik.system.BaseDexClassLoader.findClass(BaseDexClassLoader.java:134)
09-11 11:51:31.643 E/EdXposed-Bridge( 8826): 	at java.lang.ClassLoader.loadClass(ClassLoader.java:379)
09-11 11:51:31.643 E/EdXposed-Bridge( 8826): 	at java.lang.ClassLoader.loadClass(ClassLoader.java:312)
09-11 11:51:31.643 E/EdXposed-Bridge( 8826): 	... 23 more
09-11 11:51:31.651 E/HwInstantOnline-NearbyWrapper( 2421): setDiscoverableStatus: adapter is null
09-11 11:51:31.651 E/HwInstantOnline-NearbyWrapper( 2421): setDiscoverableStatus: adapter is null
09-11 11:51:31.712 E/HiBoard_d( 4812): no need to reset return
09-11 11:51:31.755 E/ProcessInfoCollector( 1507): getProcessInfo: failed to find this proc 
09-11 11:51:31.787 E/ck369.controlb( 8867): Not starting debugger since process cannot load the jdwp agent.
09-11 11:51:31.823 E/EdXposed-Bridge( 8826): de.robv.android.xposed.XposedHelpers$ClassNotFoundError: java.lang.ClassNotFoundException: com.android.server.LocationManagerService$Receiver
09-11 11:51:31.823 E/EdXposed-Bridge( 8826): 	at de.robv.android.xposed.XposedHelpers.findClass(XposedHelpers.java:71)
09-11 11:51:31.823 E/EdXposed-Bridge( 8826): 	at de.robv.android.xposed.XposedHelpers.findAndHookMethod(XposedHelpers.java:260)
09-11 11:51:31.823 E/EdXposed-Bridge( 8826): 	at b.c.a.v.a(SourceFile:1)
09-11 11:51:31.823 E/EdXposed-Bridge( 8826): 	at b.c.a.r.a(SourceFile:24)
09-11 11:51:31.823 E/EdXposed-Bridge( 8826): 	at com.bigsing.fakemap.MainHook.handleLoadPackage(SourceFile:10)
09-11 11:51:31.823 E/EdXposed-Bridge( 8826): 	at de.robv.android.xposed.IXposedHookLoadPackage$Wrapper.handleLoadPackage(IXposedHookLoadPackage.java:37)
09-11 11:51:31.823 E/EdXposed-Bridge( 8826): 	at de.robv.android.xposed.callbacks.XC_LoadPackage.call(XC_LoadPackage.java:61)
09-11 11:51:31.823 E/EdXposed-Bridge( 8826): 	at de.robv.android.xposed.callbacks.XCallback.callAll(XCallback.java:117)
09-11 11:51:31.823 E/EdXposed-Bridge( 8826): 	at com.elderdrivers.riru.edxp._hooker.impl.LoadedApkCstr.afterHookedMethod(LoadedApkCstr.java:67)
09-11 11:51:31.823 E/EdXposed-Bridge( 8826): 	at de.robv.android.xposed.XC_MethodHook.callAfterHookedMethod(XC_MethodHook.java:68)
09-11 11:51:31.823 E/EdXposed-Bridge( 8826): 	at com.swift.sandhook.xposedcompat.hookstub.HookStubManager.hookBridge(HookStubManager.java:383)
09-11 11:51:31.823 E/EdXposed-Bridge( 8826): 	at SandHookerNew_11kmfuj3mo4jprq7n6o7upu921.hook(Unknown Source:87)
09-11 11:51:31.823 E/EdXposed-Bridge( 8826): 	at android.app.ActivityThread.getPackageInfo(ActivityThread.java:2540)
09-11 11:51:31.823 E/EdXposed-Bridge( 8826): 	at android.app.ActivityThread.getPackageInfo(ActivityThread.java:2495)
09-11 11:51:31.823 E/EdXposed-Bridge( 8826): 	at android.app.ActivityThread.getPackageInfo(ActivityThread.java:2467)
09-11 11:51:31.823 E/EdXposed-Bridge( 8826): 	at android.app.ContextImpl.createPackageContextAsUser(ContextImpl.java:2352)
09-11 11:51:31.823 E/EdXposed-Bridge( 8826): 	at android.app.ContextImpl.createPackageContext(ContextImpl.java:2339)
09-11 11:51:31.823 E/EdXposed-Bridge( 8826): 	at android.content.ContextWrapper.createPackageContext(ContextWrapper.java:852)
09-11 11:51:31.823 E/EdXposed-Bridge( 8826): 	at android.app.ActivityThread.installProvider(ActivityThread.java:7228)
09-11 11:51:31.823 E/EdXposed-Bridge( 8826): 	at android.app.ActivityThread.installContentProviders(ActivityThread.java:6813)
09-11 11:51:31.823 E/EdXposed-Bridge( 8826): 	at android.app.ActivityThread.handleBindApplication(ActivityThread.java:6699)
09-11 11:51:31.823 E/EdXposed-Bridge( 8826): 	at java.lang.reflect.Method.invoke(Native Method)
09-11 11:51:31.823 E/EdXposed-Bridge( 8826): 	at com.swift.sandhook.SandHook.callOriginMethod(SandHook.java:176)
09-11 11:51:31.823 E/EdXposed-Bridge( 8826): 	at com.swift.sandhook.SandHook.callOriginMethod(SandHook.java:154)
09-11 11:51:31.823 E/EdXposed-Bridge( 8826): 	at com.swift.sandhook.xposedcompat.hookstub.HookStubManager.hookBridge(HookStubManager.java:299)
09-11 11:51:31.823 E/EdXposed-Bridge( 8826): 	at com.swift.sandhook.xposedcompat.hookstub.MethodHookerStubs64.stub_hook_0(MethodHookerStubs64.java:198)
09-11 11:51:31.823 E/EdXposed-Bridge( 8826): 	at android.app.ActivityThread.access$2000(ActivityThread.java:273)
09-11 11:51:31.823 E/EdXposed-Bridge( 8826): 	at android.app.ActivityThread$H.handleMessage(ActivityThread.java:2020)
09-11 11:51:31.823 E/EdXposed-Bridge( 8826): 	at android.os.Handler.dispatchMessage(Handler.java:112)
09-11 11:51:31.823 E/EdXposed-Bridge( 8826): 	at android.os.Looper.loop(Looper.java:216)
09-11 11:51:31.823 E/EdXposed-Bridge( 8826): 	at android.app.ActivityThread.main(ActivityThread.java:7625)
09-11 11:51:31.823 E/EdXposed-Bridge( 8826): 	at java.lang.reflect.Method.invoke(Native Method)
09-11 11:51:31.823 E/EdXposed-Bridge( 8826): 	at com.android.internal.os.RuntimeInit$MethodAndArgsCaller.run(RuntimeInit.java:524)
09-11 11:51:31.823 E/EdXposed-Bridge( 8826): 	at com.android.internal.os.ZygoteInit.main(ZygoteInit.java:987)
09-11 11:51:31.823 E/EdXposed-Bridge( 8826): Caused by: java.lang.ClassNotFoundException: com.android.server.LocationManagerService$Receiver
09-11 11:51:31.823 E/EdXposed-Bridge( 8826): 	at java.lang.Class.classForName(Native Method)
09-11 11:51:31.823 E/EdXposed-Bridge( 8826): 	at java.lang.Class.forName(Class.java:453)
09-11 11:51:31.823 E/EdXposed-Bridge( 8826): 	at external.org.apache.commons.lang3.ClassUtils.getClass(ClassUtils.java:823)
09-11 11:51:31.823 E/EdXposed-Bridge( 8826): 	at de.robv.android.xposed.XposedHelpers.findClass(XposedHelpers.java:69)
09-11 11:51:31.823 E/EdXposed-Bridge( 8826): 	... 33 more
09-11 11:51:31.823 E/EdXposed-Bridge( 8826): Caused by: java.lang.ClassNotFoundException: Didn't find class "com.android.server.LocationManagerService$Receiver" on path: DexPathList[[zip file "/system/framework/org.apache.http.legacy.boot.jar", zip file "/system/app/HwCallRecorder/HwCallRecorder.apk"],nativeLibraryDirectories=[/system/app/HwCallRecorder/lib/arm64, /system/lib64, /product/lib64, /system/lib64, /product/lib64]]
09-11 11:51:31.823 E/EdXposed-Bridge( 8826): 	at dalvik.system.BaseDexClassLoader.findClass(BaseDexClassLoader.java:134)
09-11 11:51:31.823 E/EdXposed-Bridge( 8826): 	at java.lang.ClassLoader.loadClass(ClassLoader.java:379)
09-11 11:51:31.823 E/EdXposed-Bridge( 8826): 	at java.lang.ClassLoader.loadClass(ClassLoader.java:312)
09-11 11:51:31.823 E/EdXposed-Bridge( 8826): 	... 37 more
09-11 11:51:31.892 E/SensorHub(  795): PS activate 1
09-11 11:51:31.959 E/TimeReport( 4473):  CAWARENESS: getTimeController() baseAwareController error
09-11 11:51:31.967 E/EdXposed-Bridge( 8826): de.robv.android.xposed.XposedHelpers$ClassNotFoundError: java.lang.ClassNotFoundException: com.android.server.LocationManagerService$Receiver
09-11 11:51:31.967 E/EdXposed-Bridge( 8826): 	at de.robv.android.xposed.XposedHelpers.findClass(XposedHelpers.java:71)
09-11 11:51:31.967 E/EdXposed-Bridge( 8826): 	at de.robv.android.xposed.XposedHelpers.findAndHookMethod(XposedHelpers.java:260)
09-11 11:51:31.967 E/EdXposed-Bridge( 8826): 	at b.c.a.v.a(SourceFile:1)
09-11 11:51:31.967 E/EdXposed-Bridge( 8826): 	at b.c.a.r.a(SourceFile:24)
09-11 11:51:31.967 E/EdXposed-Bridge( 8826): 	at com.bigsing.fakemap.MainHook.handleLoadPackage(SourceFile:10)
09-11 11:51:31.967 E/EdXposed-Bridge( 8826): 	at de.robv.android.xposed.IXposedHookLoadPackage$Wrapper.handleLoadPackage(IXposedHookLoadPackage.java:37)
09-11 11:51:31.967 E/EdXposed-Bridge( 8826): 	at de.robv.android.xposed.callbacks.XC_LoadPackage.call(XC_LoadPackage.java:61)
09-11 11:51:31.967 E/EdXposed-Bridge( 8826): 	at de.robv.android.xposed.callbacks.XCallback.callAll(XCallback.java:117)
09-11 11:51:31.967 E/EdXposed-Bridge( 8826): 	at com.elderdrivers.riru.edxp._hooker.impl.LoadedApkCstr.afterHookedMethod(LoadedApkCstr.java:67)
09-11 11:51:31.967 E/EdXposed-Bridge( 8826): 	at de.robv.android.xposed.XC_MethodHook.callAfterHookedMethod(XC_MethodHook.java:68)
09-11 11:51:31.967 E/EdXposed-Bridge( 8826): 	at com.swift.sandhook.xposedcompat.hookstub.HookStubManager.hookBridge(HookStubManager.java:383)
09-11 11:51:31.967 E/EdXposed-Bridge( 8826): 	at SandHookerNew_11kmfuj3mo4jprq7n6o7upu921.hook(Unknown Source:87)
09-11 11:51:31.967 E/EdXposed-Bridge( 8826): 	at android.app.ActivityThread.getPackageInfo(ActivityThread.java:2540)
09-11 11:51:31.967 E/EdXposed-Bridge( 8826): 	at android.app.ActivityThread.getPackageInfo(ActivityThread.java:2495)
09-11 11:51:31.967 E/EdXposed-Bridge( 8826): 	at android.app.ActivityThread.getPackageInfo(ActivityThread.java:2467)
09-11 11:51:31.967 E/EdXposed-Bridge( 8826): 	at android.app.ContextImpl.createPackageContextAsUser(ContextImpl.java:2352)
09-11 11:51:31.967 E/EdXposed-Bridge( 8826): 	at android.app.ContextImpl.createPackageContext(ContextImpl.java:2339)
09-11 11:51:31.967 E/EdXposed-Bridge( 8826): 	at android.content.ContextWrapper.createPackageContext(ContextWrapper.java:852)
09-11 11:51:31.967 E/EdXposed-Bridge( 8826): 	at android.app.ActivityThread.installProvider(ActivityThread.java:7228)
09-11 11:51:31.967 E/EdXposed-Bridge( 8826): 	at android.app.ActivityThread.installContentProviders(ActivityThread.java:6813)
09-11 11:51:31.967 E/EdXposed-Bridge( 8826): 	at android.app.ActivityThread.handleBindApplication(ActivityThread.java:6699)
09-11 11:51:31.967 E/EdXposed-Bridge( 8826): 	at java.lang.reflect.Method.invoke(Native Method)
09-11 11:51:31.967 E/EdXposed-Bridge( 8826): 	at com.swift.sandhook.SandHook.callOriginMethod(SandHook.java:176)
09-11 11:51:31.967 E/EdXposed-Bridge( 8826): 	at com.swift.sandhook.SandHook.callOriginMethod(SandHook.java:154)
09-11 11:51:31.967 E/EdXposed-Bridge( 8826): 	at com.swift.sandhook.xposedcompat.hookstub.HookStubManager.hookBridge(HookStubManager.java:299)
09-11 11:51:31.967 E/EdXposed-Bridge( 8826): 	at com.swift.sandhook.xposedcompat.hookstub.MethodHookerStubs64.stub_hook_0(MethodHookerStubs64.java:198)
09-11 11:51:31.967 E/EdXposed-Bridge( 8826): 	at android.app.ActivityThread.access$2000(ActivityThread.java:273)
09-11 11:51:31.967 E/EdXposed-Bridge( 8826): 	at android.app.ActivityThread$H.handleMessage(ActivityThread.java:2020)
09-11 11:51:31.967 E/EdXposed-Bridge( 8826): 	at android.os.Handler.dispatchMessage(Handler.java:112)
09-11 11:51:31.967 E/EdXposed-Bridge( 8826): 	at android.os.Looper.loop(Looper.java:216)
09-11 11:51:31.967 E/EdXposed-Bridge( 8826): 	at android.app.ActivityThread.main(ActivityThread.java:7625)
09-11 11:51:31.967 E/EdXposed-Bridge( 8826): 	at java.lang.reflect.Method.invoke(Native Method)
09-11 11:51:31.967 E/EdXposed-Bridge( 8826): 	at com.android.internal.os.RuntimeInit$MethodAndArgsCaller.run(RuntimeInit.java:524)
09-11 11:51:31.967 E/EdXposed-Bridge( 8826): 	at com.android.internal.os.ZygoteInit.main(ZygoteInit.java:987)
09-11 11:51:31.967 E/EdXposed-Bridge( 8826): Caused by: java.lang.ClassNotFoundException: com.android.server.LocationManagerService$Receiver
09-11 11:51:31.967 E/EdXposed-Bridge( 8826): 	at java.lang.Class.classForName(Native Method)
09-11 11:51:31.967 E/EdXposed-Bridge( 8826): 	at java.lang.Class.forName(Class.java:453)
09-11 11:51:31.967 E/EdXposed-Bridge( 8826): 	at external.org.apache.commons.lang3.ClassUtils.getClass(ClassUtils.java:823)
09-11 11:51:31.967 E/EdXposed-Bridge( 8826): 	at de.robv.android.xposed.XposedHelpers.findClass(XposedHelpers.java:69)
09-11 11:51:31.967 E/EdXposed-Bridge( 8826): 	... 33 more
09-11 11:51:31.967 E/EdXposed-Bridge( 8826): Caused by: java.lang.ClassNotFoundException: Didn't find class "com.android.server.LocationManagerService$Receiver" on path: DexPathList[[zip file "/system/framework/org.apache.http.legacy.boot.jar", zip file "/system/app/Stk/Stk.apk"],nativeLibraryDirectories=[/system/app/Stk/lib/arm64, /system/lib64, /product/lib64, /system/lib64, /product/lib64]]
09-11 11:51:31.967 E/EdXposed-Bridge( 8826): 	at dalvik.system.BaseDexClassLoader.findClass(BaseDexClassLoader.java:134)
09-11 11:51:31.967 E/EdXposed-Bridge( 8826): 	at java.lang.ClassLoader.loadClass(ClassLoader.java:379)
09-11 11:51:31.967 E/EdXposed-Bridge( 8826): 	at java.lang.ClassLoader.loadClass(ClassLoader.java:312)
09-11 11:51:31.967 E/EdXposed-Bridge( 8826): 	... 37 more
09-11 11:51:32.102 E/EdXposed-Bridge( 8826): de.robv.android.xposed.XposedHelpers$ClassNotFoundError: java.lang.ClassNotFoundException: com.android.server.LocationManagerService$Receiver
09-11 11:51:32.102 E/EdXposed-Bridge( 8826): 	at de.robv.android.xposed.XposedHelpers.findClass(XposedHelpers.java:71)
09-11 11:51:32.102 E/EdXposed-Bridge( 8826): 	at de.robv.android.xposed.XposedHelpers.findAndHookMethod(XposedHelpers.java:260)
09-11 11:51:32.102 E/EdXposed-Bridge( 8826): 	at b.c.a.v.a(SourceFile:1)
09-11 11:51:32.102 E/EdXposed-Bridge( 8826): 	at b.c.a.r.a(SourceFile:24)
09-11 11:51:32.102 E/EdXposed-Bridge( 8826): 	at com.bigsing.fakemap.MainHook.handleLoadPackage(SourceFile:10)
09-11 11:51:32.102 E/EdXposed-Bridge( 8826): 	at de.robv.android.xposed.IXposedHookLoadPackage$Wrapper.handleLoadPackage(IXposedHookLoadPackage.java:37)
09-11 11:51:32.102 E/EdXposed-Bridge( 8826): 	at de.robv.android.xposed.callbacks.XC_LoadPackage.call(XC_LoadPackage.java:61)
09-11 11:51:32.102 E/EdXposed-Bridge( 8826): 	at de.robv.android.xposed.callbacks.XCallback.callAll(XCallback.java:117)
09-11 11:51:32.102 E/EdXposed-Bridge( 8826): 	at com.elderdrivers.riru.edxp._hooker.impl.LoadedApkCstr.afterHookedMethod(LoadedApkCstr.java:67)
09-11 11:51:32.102 E/EdXposed-Bridge( 8826): 	at de.robv.android.xposed.XC_MethodHook.callAfterHookedMethod(XC_MethodHook.java:68)
09-11 11:51:32.102 E/EdXposed-Bridge( 8826): 	at com.swift.sandhook.xposedcompat.hookstub.HookStubManager.hookBridge(HookStubManager.java:383)
09-11 11:51:32.102 E/EdXposed-Bridge( 8826): 	at SandHookerNew_11kmfuj3mo4jprq7n6o7upu921.hook(Unknown Source:87)
09-11 11:51:32.102 E/EdXposed-Bridge( 8826): 	at android.app.ActivityThread.getPackageInfo(ActivityThread.java:2540)
09-11 11:51:32.102 E/EdXposed-Bridge( 8826): 	at android.app.ActivityThread.getPackageInfo(ActivityThread.java:2495)
09-11 11:51:32.102 E/EdXposed-Bridge( 8826): 	at android.app.ActivityThread.getPackageInfo(ActivityThread.java:2467)
09-11 11:51:32.102 E/EdXposed-Bridge( 8826): 	at android.app.ContextImpl.createPackageContextAsUser(ContextImpl.java:2352)
09-11 11:51:32.102 E/EdXposed-Bridge( 8826): 	at android.app.ContextImpl.createPackageContext(ContextImpl.java:2339)
09-11 11:51:32.102 E/EdXposed-Bridge( 8826): 	at android.content.ContextWrapper.createPackageContext(ContextWrapper.java:852)
09-11 11:51:32.102 E/EdXposed-Bridge( 8826): 	at android.app.ActivityThread.installProvider(ActivityThread.java:7228)
09-11 11:51:32.102 E/EdXposed-Bridge( 8826): 	at android.app.ActivityThread.installContentProviders(ActivityThread.java:6813)
09-11 11:51:32.102 E/EdXposed-Bridge( 8826): 	at android.app.ActivityThread.handleBindApplication(ActivityThread.java:6699)
09-11 11:51:32.102 E/EdXposed-Bridge( 8826): 	at java.lang.reflect.Method.invoke(Native Method)
09-11 11:51:32.102 E/EdXposed-Bridge( 8826): 	at com.swift.sandhook.SandHook.callOriginMethod(SandHook.java:176)
09-11 11:51:32.102 E/EdXposed-Bridge( 8826): 	at com.swift.sandhook.SandHook.callOriginMethod(SandHook.java:154)
09-11 11:51:32.102 E/EdXposed-Bridge( 8826): 	at com.swift.sandhook.xposedcompat.hookstub.HookStubManager.hookBridge(HookStubManager.java:299)
09-11 11:51:32.102 E/EdXposed-Bridge( 8826): 	at com.swift.sandhook.xposedcompat.hookstub.MethodHookerStubs64.stub_hook_0(MethodHookerStubs64.java:198)
09-11 11:51:32.102 E/EdXposed-Bridge( 8826): 	at android.app.ActivityThread.access$2000(ActivityThread.java:273)
09-11 11:51:32.102 E/EdXposed-Bridge( 8826): 	at android.app.ActivityThread$H.handleMessage(ActivityThread.java:2020)
09-11 11:51:32.102 E/EdXposed-Bridge( 8826): 	at android.os.Handler.dispatchMessage(Handler.java:112)
09-11 11:51:32.102 E/EdXposed-Bridge( 8826): 	at android.os.Looper.loop(Looper.java:216)
09-11 11:51:32.102 E/EdXposed-Bridge( 8826): 	at android.app.ActivityThread.main(ActivityThread.java:7625)
09-11 11:51:32.102 E/EdXposed-Bridge( 8826): 	at java.lang.reflect.Method.invoke(Native Method)
09-11 11:51:32.102 E/EdXposed-Bridge( 8826): 	at com.android.internal.os.RuntimeInit$MethodAndArgsCaller.run(RuntimeInit.java:524)
09-11 11:51:32.102 E/EdXposed-Bridge( 8826): 	at com.android.internal.os.ZygoteInit.main(ZygoteInit.java:987)
09-11 11:51:32.102 E/EdXposed-Bridge( 8826): Caused by: java.lang.ClassNotFoundException: com.android.server.LocationManagerService$Receiver
09-11 11:51:32.102 E/EdXposed-Bridge( 8826): 	at java.lang.Class.classForName(Native Method)
09-11 11:51:32.102 E/EdXposed-Bridge( 8826): 	at java.lang.Class.forName(Class.java:453)
09-11 11:51:32.102 E/EdXposed-Bridge( 8826): 	at external.org.apache.commons.lang3.ClassUtils.getClass(ClassUtils.java:823)
09-11 11:51:32.102 E/EdXposed-Bridge( 8826): 	at de.robv.android.xposed.XposedHelpers.findClass(XposedHelpers.java:69)
09-11 11:51:32.102 E/EdXposed-Bridge( 8826): 	... 33 more
09-11 11:51:32.102 E/EdXposed-Bridge( 8826): Caused by: java.lang.ClassNotFoundException: Didn't find class "com.android.server.LocationManagerService$Receiver" on path: DexPathList[[zip file "/system/framework/org.apache.http.legacy.boot.jar", zip file "/system/priv-app/TelephonyProvider/TelephonyProvider.apk"],nativeLibraryDirectories=[/system/priv-app/TelephonyProvider/lib/arm64, /system/lib64, /product/lib64, /system/lib64, /product/lib64]]
09-11 11:51:32.102 E/EdXposed-Bridge( 8826): 	at dalvik.system.BaseDexClassLoader.findClass(BaseDexClassLoader.java:134)
09-11 11:51:32.102 E/EdXposed-Bridge( 8826): 	at java.lang.ClassLoader.loadClass(ClassLoader.java:379)
09-11 11:51:32.102 E/EdXposed-Bridge( 8826): 	at java.lang.ClassLoader.loadClass(ClassLoader.java:312)
09-11 11:51:32.102 E/EdXposed-Bridge( 8826): 	... 37 more
09-11 11:51:32.112 E/EdXposed-Bridge( 8867): de.robv.android.xposed.XposedHelpers$ClassNotFoundError: java.lang.ClassNotFoundException: com.android.server.LocationManagerService$Receiver
09-11 11:51:32.112 E/EdXposed-Bridge( 8867): 	at de.robv.android.xposed.XposedHelpers.findClass(XposedHelpers.java:71)
09-11 11:51:32.112 E/EdXposed-Bridge( 8867): 	at de.robv.android.xposed.XposedHelpers.findAndHookMethod(XposedHelpers.java:260)
09-11 11:51:32.112 E/EdXposed-Bridge( 8867): 	at b.c.a.v.a(SourceFile:1)
09-11 11:51:32.112 E/EdXposed-Bridge( 8867): 	at b.c.a.r.a(SourceFile:24)
09-11 11:51:32.112 E/EdXposed-Bridge( 8867): 	at com.bigsing.fakemap.MainHook.handleLoadPackage(SourceFile:10)
09-11 11:51:32.112 E/EdXposed-Bridge( 8867): 	at de.robv.android.xposed.IXposedHookLoadPackage$Wrapper.handleLoadPackage(IXposedHookLoadPackage.java:37)
09-11 11:51:32.112 E/EdXposed-Bridge( 8867): 	at de.robv.android.xposed.callbacks.XC_LoadPackage.call(XC_LoadPackage.java:61)
09-11 11:51:32.112 E/EdXposed-Bridge( 8867): 	at de.robv.android.xposed.callbacks.XCallback.callAll(XCallback.java:117)
09-11 11:51:32.112 E/EdXposed-Bridge( 8867): 	at com.elderdrivers.riru.edxp._hooker.impl.LoadedApkCstr.afterHookedMethod(LoadedApkCstr.java:67)
09-11 11:51:32.112 E/EdXposed-Bridge( 8867): 	at de.robv.android.xposed.XC_MethodHook.callAfterHookedMethod(XC_MethodHook.java:68)
09-11 11:51:32.112 E/EdXposed-Bridge( 8867): 	at com.swift.sandhook.xposedcompat.hookstub.HookStubManager.hookBridge(HookStubManager.java:383)
09-11 11:51:32.112 E/EdXposed-Bridge( 8867): 	at SandHookerNew_11kmfuj3mo4jprq7n6o7upu921.hook(Unknown Source:87)
09-11 11:51:32.112 E/EdXposed-Bridge( 8867): 	at android.app.ActivityThread.getPackageInfo(ActivityThread.java:2540)
09-11 11:51:32.112 E/EdXposed-Bridge( 8867): 	at android.app.ActivityThread.getPackageInfo(ActivityThread.java:2495)
09-11 11:51:32.112 E/EdXposed-Bridge( 8867): 	at android.app.ActivityThread.getPackageInfo(ActivityThread.java:2467)
09-11 11:51:32.112 E/EdXposed-Bridge( 8867): 	at android.app.ContextImpl.createPackageContextAsUser(ContextImpl.java:2352)
09-11 11:51:32.112 E/EdXposed-Bridge( 8867): 	at android.app.ContextImpl.createPackageContext(ContextImpl.java:2339)
09-11 11:51:32.112 E/EdXposed-Bridge( 8867): 	at .....(Unknown Source:1)
09-11 11:51:32.112 E/EdXposed-Bridge( 8867): 	at com.fkzhang.xposed.hook..(Unknown Source:13)
09-11 11:51:32.112 E/EdXposed-Bridge( 8867): 	at com.fkzhang.xposed.hook..(Unknown Source:0)
09-11 11:51:32.112 E/EdXposed-Bridge( 8867): 	at com.fkzhang.wechatxposed.XposedInit.handleLoadPackage(Unknown Source:13)
09-11 11:51:32.112 E/EdXposed-Bridge( 8867): 	at de.robv.android.xposed.IXposedHookLoadPackage$Wrapper.handleLoadPackage(IXposedHookLoadPackage.java:37)
09-11 11:51:32.112 E/EdXposed-Bridge( 8867): 	at de.robv.android.xposed.callbacks.XC_LoadPackage.call(XC_LoadPackage.java:61)
09-11 11:51:32.112 E/EdXposed-Bridge( 8867): 	at de.robv.android.xposed.callbacks.XCallback.callAll(XCallback.java:117)
09-11 11:51:32.112 E/EdXposed-Bridge( 8867): 	at com.elderdrivers.riru.edxp._hooker.impl.HandleBindApp.beforeHookedMethod(HandleBindApp.java:70)
09-11 11:51:32.112 E/EdXposed-Bridge( 8867): 	at de.robv.android.xposed.XC_MethodHook.callBeforeHookedMethod(XC_MethodHook.java:51)
09-11 11:51:32.112 E/EdXposed-Bridge( 8867): 	at com.swift.sandhook.xposedcompat.hookstub.HookStubManager.hookBridge(HookStubManager.java:276)
09-11 11:51:32.112 E/EdXposed-Bridge( 8867): 	at com.swift.sandhook.xposedcompat.hookstub.MethodHookerStubs64.stub_hook_0(MethodHookerStubs64.java:198)
09-11 11:51:32.112 E/EdXposed-Bridge( 8867): 	at android.app.ActivityThread.access$2000(ActivityThread.java:273)
09-11 11:51:32.112 E/EdXposed-Bridge( 8867): 	at android.app.ActivityThread$H.handleMessage(ActivityThread.java:2020)
09-11 11:51:32.112 E/EdXposed-Bridge( 8867): 	at android.os.Handler.dispatchMessage(Handler.java:112)
09-11 11:51:32.112 E/EdXposed-Bridge( 8867): 	at android.os.Looper.loop(Looper.java:216)
09-11 11:51:32.112 E/EdXposed-Bridge( 8867): 	at android.app.ActivityThread.main(ActivityThread.java:7625)
09-11 11:51:32.112 E/EdXposed-Bridge( 8867): 	at java.lang.reflect.Method.invoke(Native Method)
09-11 11:51:32.112 E/EdXposed-Bridge( 8867): 	at com.android.internal.os.RuntimeInit$MethodAndArgsCaller.run(RuntimeInit.java:524)
09-11 11:51:32.112 E/EdXposed-Bridge( 8867): 	at com.android.internal.os.ZygoteInit.main(ZygoteInit.java:987)
09-11 11:51:32.112 E/EdXposed-Bridge( 8867): Caused by: java.lang.ClassNotFoundException: com.android.server.LocationManagerService$Receiver
09-11 11:51:32.112 E/EdXposed-Bridge( 8867): 	at java.lang.Class.classForName(Native Method)
09-11 11:51:32.112 E/EdXposed-Bridge( 8867): 	at java.lang.Class.forName(Class.java:453)
09-11 11:51:32.112 E/EdXposed-Bridge( 8867): 	at external.org.apache.commons.lang3.ClassUtils.getClass(ClassUtils.java:823)
09-11 11:51:32.112 E/EdXposed-Bridge( 8867): 	at de.robv.android.xposed.XposedHelpers.findClass(XposedHelpers.java:69)
09-11 11:51:32.112 E/EdXposed-Bridge( 8867): 	... 35 more
09-11 11:51:32.112 E/EdXposed-Bridge( 8867): Caused by: java.lang.ClassNotFoundException: Didn't find class "com.android.server.LocationManagerService$Receiver" on path: DexPathList[[zip file "/data/app/com.fkzhang.wechatxposed-7Vf-XX0choAS3qd1UOMC5Q==/base.apk"],nativeLibraryDirectories=[/data/app/com.fkzhang.wechatxposed-7Vf-XX0choAS3qd1UOMC5Q==/lib/arm, /data/app/com.fkzhang.wechatxposed-7Vf-XX0choAS3qd1UOMC5Q==/base.apk!/lib/armeabi, /system/lib64, /product/lib64]]
09-11 11:51:32.112 E/EdXposed-Bridge( 8867): 	at dalvik.system.BaseDexClassLoader.findClass(BaseDexClassLoader.java:134)
09-11 11:51:32.112 E/EdXposed-Bridge( 8867): 	at java.lang.ClassLoader.loadClass(ClassLoader.java:379)
09-11 11:51:32.112 E/EdXposed-Bridge( 8867): 	at java.lang.ClassLoader.loadClass(ClassLoader.java:312)
09-11 11:51:32.112 E/EdXposed-Bridge( 8867): 	... 39 more
09-11 11:51:32.178 E/CarrierIdProvider( 8826): read carrier list from ota pb failure: java.io.FileNotFoundException: /data/misc/carrierid/carrier_list.pb (No such file or directory)
09-11 11:51:32.199 E/RcsService( 8826): RcsXmlParser - mContext or mccmnc is null return
09-11 11:51:32.225 E/HwModemCapability( 8826): isCapabilitySupport java.lang.StringIndexOutOfBoundsException: length=7; index=7
09-11 11:51:32.235 E/hal_InitAlgorithm_task(  759): do init success
09-11 11:51:32.244 E/PushLog100000411( 5893): [ReceiverDispatcher-297]no network, so cannot connect(android/null:240)
09-11 11:51:32.250 E/HiBoard_WeatherInfo( 4812): parseGsonValue jsonValue is empty 
09-11 11:51:32.299 E/SQLiteLog( 5477): (14) cannot open file at line 36906 of [c255889bd9]
09-11 11:51:32.299 E/SQLiteLog( 5477): (14) os_unix.c:36906: (13) open(/data/user/0/com.example.android.notepad/databases/note_pad.db) - 
09-11 11:51:32.300 E/SQLiteDatabase( 5477): Failed to open database '/data/user/0/com.example.android.notepad/databases/note_pad.db'.
09-11 11:51:32.300 E/SQLiteDatabase( 5477): android.database.sqlite.SQLiteCantOpenDatabaseException: unknown error (Sqlite code 14 SQLITE_CANTOPEN): Could not open database, (OS error - 13:Permission denied)
09-11 11:51:32.300 E/SQLiteDatabase( 5477): 	at android.database.sqlite.SQLiteConnection.nativeOpen(Native Method)
09-11 11:51:32.300 E/SQLiteDatabase( 5477): 	at android.database.sqlite.SQLiteConnection.open(SQLiteConnection.java:226)
09-11 11:51:32.300 E/SQLiteDatabase( 5477): 	at android.database.sqlite.SQLiteConnection.open(SQLiteConnection.java:210)
09-11 11:51:32.300 E/SQLiteDatabase( 5477): 	at android.database.sqlite.SQLiteConnectionPool.openConnectionLocked(SQLiteConnectionPool.java:552)
09-11 11:51:32.300 E/SQLiteDatabase( 5477): 	at android.database.sqlite.SQLiteConnectionPool.open(SQLiteConnectionPool.java:213)
09-11 11:51:32.300 E/SQLiteDatabase( 5477): 	at android.database.sqlite.SQLiteConnectionPool.open(SQLiteConnectionPool.java:202)
09-11 11:51:32.300 E/SQLiteDatabase( 5477): 	at android.database.sqlite.SQLiteDatabase.openInner(SQLiteDatabase.java:958)
09-11 11:51:32.300 E/SQLiteDatabase( 5477): 	at android.database.sqlite.SQLiteDatabase.open(SQLiteDatabase.java:942)
09-11 11:51:32.300 E/SQLiteDatabase( 5477): 	at android.database.sqlite.SQLiteDatabase.openDatabase(SQLiteDatabase.java:816)
09-11 11:51:32.300 E/SQLiteDatabase( 5477): 	at android.database.sqlite.SQLiteDatabase.openDatabase(SQLiteDatabase.java:806)
09-11 11:51:32.300 E/SQLiteDatabase( 5477): 	at android.database.sqlite.SQLiteOpenHelper.getDatabaseLocked(SQLiteOpenHelper.java:370)
09-11 11:51:32.300 E/SQLiteDatabase( 5477): 	at android.database.sqlite.SQLiteOpenHelper.getReadableDatabase(SQLiteOpenHelper.java:337)
09-11 11:51:32.300 E/SQLiteDatabase( 5477): 	at com.example.android.notepad.data.NotePadProvider.query(NotePadProvider.java:444)
09-11 11:51:32.300 E/SQLiteDatabase( 5477): 	at android.content.ContentProvider.query(ContentProvider.java:1086)
09-11 11:51:32.300 E/SQLiteDatabase( 5477): 	at android.content.ContentProvider.query(ContentProvider.java:1178)
09-11 11:51:32.300 E/SQLiteDatabase( 5477): 	at android.content.ContentProvider$Transport.query(ContentProvider.java:252)
09-11 11:51:32.300 E/SQLiteDatabase( 5477): 	at android.content.ContentProviderNative.onTransact(ContentProviderNative.java:102)
09-11 11:51:32.300 E/SQLiteDatabase( 5477): 	at android.os.Binder.execTransact(Binder.java:739)
09-11 11:51:32.300 E/SQLiteOpenHelper( 5477): Couldn't open note_pad.db for writing (will try read-only):
09-11 11:51:32.300 E/SQLiteOpenHelper( 5477): android.database.sqlite.SQLiteCantOpenDatabaseException: unknown error (Sqlite code 14 SQLITE_CANTOPEN): Could not open database, (OS error - 13:Permission denied)
09-11 11:51:32.300 E/SQLiteOpenHelper( 5477): 	at android.database.sqlite.SQLiteConnection.nativeOpen(Native Method)
09-11 11:51:32.300 E/SQLiteOpenHelper( 5477): 	at android.database.sqlite.SQLiteConnection.open(SQLiteConnection.java:226)
09-11 11:51:32.300 E/SQLiteOpenHelper( 5477): 	at android.database.sqlite.SQLiteConnection.open(SQLiteConnection.java:210)
09-11 11:51:32.300 E/SQLiteOpenHelper( 5477): 	at android.database.sqlite.SQLiteConnectionPool.openConnectionLocked(SQLiteConnectionPool.java:552)
09-11 11:51:32.300 E/SQLiteOpenHelper( 5477): 	at android.database.sqlite.SQLiteConnectionPool.open(SQLiteConnectionPool.java:213)
09-11 11:51:32.300 E/SQLiteOpenHelper( 5477): 	at android.database.sqlite.SQLiteConnectionPool.open(SQLiteConnectionPool.java:202)
09-11 11:51:32.300 E/SQLiteOpenHelper( 5477): 	at android.database.sqlite.SQLiteDatabase.openInner(SQLiteDatabase.java:958)
09-11 11:51:32.300 E/SQLiteOpenHelper( 5477): 	at android.database.sqlite.SQLiteDatabase.open(SQLiteDatabase.java:942)
09-11 11:51:32.300 E/SQLiteOpenHelper( 5477): 	at android.database.sqlite.SQLiteDatabase.openDatabase(SQLiteDatabase.java:816)
09-11 11:51:32.300 E/SQLiteOpenHelper( 5477): 	at android.database.sqlite.SQLiteDatabase.openDatabase(SQLiteDatabase.java:806)
09-11 11:51:32.300 E/SQLiteOpenHelper( 5477): 	at android.database.sqlite.SQLiteOpenHelper.getDatabaseLocked(SQLiteOpenHelper.java:370)
09-11 11:51:32.300 E/SQLiteOpenHelper( 5477): 	at android.database.sqlite.SQLiteOpenHelper.getReadableDatabase(SQLiteOpenHelper.java:337)
09-11 11:51:32.300 E/SQLiteOpenHelper( 5477): 	at com.example.android.notepad.data.NotePadProvider.query(NotePadProvider.java:444)
09-11 11:51:32.300 E/SQLiteOpenHelper( 5477): 	at android.content.ContentProvider.query(ContentProvider.java:1086)
09-11 11:51:32.300 E/SQLiteOpenHelper( 5477): 	at android.content.ContentProvider.query(ContentProvider.java:1178)
09-11 11:51:32.300 E/SQLiteOpenHelper( 5477): 	at android.content.ContentProvider$Transport.query(ContentProvider.java:252)
09-11 11:51:32.300 E/SQLiteOpenHelper( 5477): 	at android.content.ContentProviderNative.onTransact(ContentProviderNative.java:102)
09-11 11:51:32.300 E/SQLiteOpenHelper( 5477): 	at android.os.Binder.execTransact(Binder.java:739)
09-11 11:51:32.300 E/SQLiteLog( 5477): (14) cannot open file at line 36906 of [c255889bd9]
09-11 11:51:32.300 E/SQLiteLog( 5477): (14) os_unix.c:36906: (13) open(/data/user/0/com.example.android.notepad/databases/note_pad.db) - 
09-11 11:51:32.301 E/SQLiteDatabase( 5477): Failed to open database '/data/user/0/com.example.android.notepad/databases/note_pad.db'.
09-11 11:51:32.301 E/SQLiteDatabase( 5477): android.database.sqlite.SQLiteCantOpenDatabaseException: unknown error (Sqlite code 14 SQLITE_CANTOPEN): Could not open database, (OS error - 13:Permission denied)
09-11 11:51:32.301 E/SQLiteDatabase( 5477): 	at android.database.sqlite.SQLiteConnection.nativeOpen(Native Method)
09-11 11:51:32.301 E/SQLiteDatabase( 5477): 	at android.database.sqlite.SQLiteConnection.open(SQLiteConnection.java:226)
09-11 11:51:32.301 E/SQLiteDatabase( 5477): 	at android.database.sqlite.SQLiteConnection.open(SQLiteConnection.java:210)
09-11 11:51:32.301 E/SQLiteDatabase( 5477): 	at android.database.sqlite.SQLiteConnectionPool.openConnectionLocked(SQLiteConnectionPool.java:552)
09-11 11:51:32.301 E/SQLiteDatabase( 5477): 	at android.database.sqlite.SQLiteConnectionPool.open(SQLiteConnectionPool.java:213)
09-11 11:51:32.301 E/SQLiteDatabase( 5477): 	at android.database.sqlite.SQLiteConnectionPool.open(SQLiteConnectionPool.java:202)
09-11 11:51:32.301 E/SQLiteDatabase( 5477): 	at android.database.sqlite.SQLiteDatabase.openInner(SQLiteDatabase.java:958)
09-11 11:51:32.301 E/SQLiteDatabase( 5477): 	at android.database.sqlite.SQLiteDatabase.open(SQLiteDatabase.java:942)
09-11 11:51:32.301 E/SQLiteDatabase( 5477): 	at android.database.sqlite.SQLiteDatabase.openDatabase(SQLiteDatabase.java:816)
09-11 11:51:32.301 E/SQLiteDatabase( 5477): 	at android.database.sqlite.SQLiteDatabase.openDatabase(SQLiteDatabase.java:806)
